Archive member included to satisfy reference by file (symbol)

C:/ST/STM32CubeIDE_1.19.0/STM32CubeIDE/plugins/com.st.stm32cube.ide.mcu.externaltools.gnu-tools-for-stm32.13.3.rel1.win32_1.0.0.202411081344/tools/bin/../lib/gcc/arm-none-eabi/13.3.1/../../../../arm-none-eabi/lib/thumb/v7-m/nofp\libc_nano.a(libc_a-exit.o)
                              C:/ST/STM32CubeIDE_1.19.0/STM32CubeIDE/plugins/com.st.stm32cube.ide.mcu.externaltools.gnu-tools-for-stm32.13.3.rel1.win32_1.0.0.202411081344/tools/bin/../lib/gcc/arm-none-eabi/13.3.1/../../../../arm-none-eabi/lib/thumb/v7-m/nofp/crt0.o (exit)
C:/ST/STM32CubeIDE_1.19.0/STM32CubeIDE/plugins/com.st.stm32cube.ide.mcu.externaltools.gnu-tools-for-stm32.13.3.rel1.win32_1.0.0.202411081344/tools/bin/../lib/gcc/arm-none-eabi/13.3.1/../../../../arm-none-eabi/lib/thumb/v7-m/nofp\libc_nano.a(libc_a-findfp.o)
                              C:/ST/STM32CubeIDE_1.19.0/STM32CubeIDE/plugins/com.st.stm32cube.ide.mcu.externaltools.gnu-tools-for-stm32.13.3.rel1.win32_1.0.0.202411081344/tools/bin/../lib/gcc/arm-none-eabi/13.3.1/../../../../arm-none-eabi/lib/thumb/v7-m/nofp\libc_nano.a(libc_a-exit.o) (__stdio_exit_handler)
C:/ST/STM32CubeIDE_1.19.0/STM32CubeIDE/plugins/com.st.stm32cube.ide.mcu.externaltools.gnu-tools-for-stm32.13.3.rel1.win32_1.0.0.202411081344/tools/bin/../lib/gcc/arm-none-eabi/13.3.1/../../../../arm-none-eabi/lib/thumb/v7-m/nofp\libc_nano.a(libc_a-fwalk.o)
                              C:/ST/STM32CubeIDE_1.19.0/STM32CubeIDE/plugins/com.st.stm32cube.ide.mcu.externaltools.gnu-tools-for-stm32.13.3.rel1.win32_1.0.0.202411081344/tools/bin/../lib/gcc/arm-none-eabi/13.3.1/../../../../arm-none-eabi/lib/thumb/v7-m/nofp\libc_nano.a(libc_a-findfp.o) (_fwalk_sglue)
C:/ST/STM32CubeIDE_1.19.0/STM32CubeIDE/plugins/com.st.stm32cube.ide.mcu.externaltools.gnu-tools-for-stm32.13.3.rel1.win32_1.0.0.202411081344/tools/bin/../lib/gcc/arm-none-eabi/13.3.1/../../../../arm-none-eabi/lib/thumb/v7-m/nofp\libc_nano.a(libc_a-stdio.o)
                              C:/ST/STM32CubeIDE_1.19.0/STM32CubeIDE/plugins/com.st.stm32cube.ide.mcu.externaltools.gnu-tools-for-stm32.13.3.rel1.win32_1.0.0.202411081344/tools/bin/../lib/gcc/arm-none-eabi/13.3.1/../../../../arm-none-eabi/lib/thumb/v7-m/nofp\libc_nano.a(libc_a-findfp.o) (__sread)
C:/ST/STM32CubeIDE_1.19.0/STM32CubeIDE/plugins/com.st.stm32cube.ide.mcu.externaltools.gnu-tools-for-stm32.13.3.rel1.win32_1.0.0.202411081344/tools/bin/../lib/gcc/arm-none-eabi/13.3.1/../../../../arm-none-eabi/lib/thumb/v7-m/nofp\libc_nano.a(libc_a-memset.o)
                              C:/ST/STM32CubeIDE_1.19.0/STM32CubeIDE/plugins/com.st.stm32cube.ide.mcu.externaltools.gnu-tools-for-stm32.13.3.rel1.win32_1.0.0.202411081344/tools/bin/../lib/gcc/arm-none-eabi/13.3.1/../../../../arm-none-eabi/lib/thumb/v7-m/nofp/crt0.o (memset)
C:/ST/STM32CubeIDE_1.19.0/STM32CubeIDE/plugins/com.st.stm32cube.ide.mcu.externaltools.gnu-tools-for-stm32.13.3.rel1.win32_1.0.0.202411081344/tools/bin/../lib/gcc/arm-none-eabi/13.3.1/../../../../arm-none-eabi/lib/thumb/v7-m/nofp\libc_nano.a(libc_a-closer.o)
                              C:/ST/STM32CubeIDE_1.19.0/STM32CubeIDE/plugins/com.st.stm32cube.ide.mcu.externaltools.gnu-tools-for-stm32.13.3.rel1.win32_1.0.0.202411081344/tools/bin/../lib/gcc/arm-none-eabi/13.3.1/../../../../arm-none-eabi/lib/thumb/v7-m/nofp\libc_nano.a(libc_a-stdio.o) (_close_r)
C:/ST/STM32CubeIDE_1.19.0/STM32CubeIDE/plugins/com.st.stm32cube.ide.mcu.externaltools.gnu-tools-for-stm32.13.3.rel1.win32_1.0.0.202411081344/tools/bin/../lib/gcc/arm-none-eabi/13.3.1/../../../../arm-none-eabi/lib/thumb/v7-m/nofp\libc_nano.a(libc_a-reent.o)
                              C:/ST/STM32CubeIDE_1.19.0/STM32CubeIDE/plugins/com.st.stm32cube.ide.mcu.externaltools.gnu-tools-for-stm32.13.3.rel1.win32_1.0.0.202411081344/tools/bin/../lib/gcc/arm-none-eabi/13.3.1/../../../../arm-none-eabi/lib/thumb/v7-m/nofp\libc_nano.a(libc_a-closer.o) (errno)
C:/ST/STM32CubeIDE_1.19.0/STM32CubeIDE/plugins/com.st.stm32cube.ide.mcu.externaltools.gnu-tools-for-stm32.13.3.rel1.win32_1.0.0.202411081344/tools/bin/../lib/gcc/arm-none-eabi/13.3.1/../../../../arm-none-eabi/lib/thumb/v7-m/nofp\libc_nano.a(libc_a-impure.o)
                              C:/ST/STM32CubeIDE_1.19.0/STM32CubeIDE/plugins/com.st.stm32cube.ide.mcu.externaltools.gnu-tools-for-stm32.13.3.rel1.win32_1.0.0.202411081344/tools/bin/../lib/gcc/arm-none-eabi/13.3.1/../../../../arm-none-eabi/lib/thumb/v7-m/nofp\libc_nano.a(libc_a-reent.o) (_impure_ptr)
C:/ST/STM32CubeIDE_1.19.0/STM32CubeIDE/plugins/com.st.stm32cube.ide.mcu.externaltools.gnu-tools-for-stm32.13.3.rel1.win32_1.0.0.202411081344/tools/bin/../lib/gcc/arm-none-eabi/13.3.1/../../../../arm-none-eabi/lib/thumb/v7-m/nofp\libc_nano.a(libc_a-lseekr.o)
[...]
Memory Configuration

Name             Origin             Length             Attributes
RAM              0x20000000         0x00002800         xrw
FLASH            0x08000000         0x00008000         xr
*default*        0x00000000         0xffffffff

Linker script and memory map

LOAD C:/ST/STM32CubeIDE_1.19.0/STM32CubeIDE/plugins/com.st.stm32cube.ide.mcu.externaltools.gnu-tools-for-stm32.13.3.rel1.win32_1.0.0.202411081344/tools/bin/../lib/gcc/arm-none-eabi/13.3.1/thumb/v7-m/nofp/crti.o
LOAD C:/ST/STM32CubeIDE_1.19.0/STM32CubeIDE/plugins/com.st.stm32cube.ide.mcu.externaltools.gnu-tools-for-stm32.13.3.rel1.win32_1.0.0.202411081344/tools/bin/../lib/gcc/arm-none-eabi/13.3.1/thumb/v7-m/nofp/crtbegin.o
LOAD C:/ST/STM32CubeIDE_1.19.0/STM32CubeIDE/plugins/com.st.stm32cube.ide.mcu.externaltools.gnu-tools-for-stm32.13.3.rel1.win32_1.0.0.202411081344/tools/bin/../lib/gcc/arm-none-eabi/13.3.1/../../../../arm-none-eabi/lib/thumb/v7-m/nofp/crt0.o
LOAD ./Core/Src/fsm_traffic.o
LOAD ./Core/Src/global.o
LOAD ./Core/Src/input_processing.o
LOAD ./Core/Src/input_reading.o
LOAD ./Core/Src/leds_display.o
LOAD ./Core/Src/main.o
LOAD ./Core/Src/software_timer.o
LOAD ./Core/Src/stm32f1xx_hal_msp.o
LOAD ./Core/Src/stm32f1xx_it.o
LOAD ./Core/Src/syscalls.o
LOAD ./Core/Src/sysmem.o
LOAD ./Core/Src/system_stm32f1xx.o
LOAD ./Core/Startup/startup_stm32f103c6ux.o
LOAD ./Drivers/STM32F1xx_HAL_Driver/Src/stm32f1xx_hal.o
LOAD ./Drivers/STM32F1xx_HAL_Driver/Src/stm32f1xx_hal_cortex.o
LOAD ./Drivers/STM32F1xx_HAL_Driver/Src/stm32f1xx_hal_dma.o
LOAD ./Drivers/STM32F1xx_HAL_Driver/Src/stm32f1xx_hal_exti.o
LOAD ./Drivers/STM32F1xx_HAL_Driver/Src/stm32f1xx_hal_flash.o
LOAD ./Drivers/STM32F1xx_HAL_Driver/Src/stm32f1xx_hal_flash_ex.o
LOAD ./Drivers/STM32F1xx_HAL_Driver/Src/stm32f1xx_hal_gpio.o
LOAD ./Drivers/STM32F1xx_HAL_Driver/Src/stm32f1xx_hal_gpio_ex.o
LOAD ./Drivers/STM32F1xx_HAL_Driver/Src/stm32f1xx_hal_pwr.o
LOAD ./Drivers/STM32F1xx_HAL_Driver/Src/stm32f1xx_hal_rcc.o
LOAD ./Drivers/STM32F1xx_HAL_Driver/Src/stm32f1xx_hal_rcc_ex.o
LOAD ./Drivers/STM32F1xx_HAL_Driver/Src/stm32f1xx_hal_tim.o
LOAD ./Drivers/STM32F1xx_HAL_Driver/Src/stm32f1xx_hal_tim_ex.o
START GROUP
LOAD C:/ST/STM32CubeIDE_1.19.0/STM32CubeIDE/plugins/com.st.stm32cube.ide.mcu.externaltools.gnu-tools-for-stm32.13.3.rel1.win32_1.0.0.202411081344/tools/bin/../lib/gcc/arm-none-eabi/13.3.1/../../../../arm-none-eabi/lib/thumb/v7-m/nofp\libc_nano.a
LOAD C:/ST/STM32CubeIDE_1.19.0/STM32CubeIDE/plugins/com.st.stm32cube.ide.mcu.externaltools.gnu-tools-for-stm32.13.3.rel1.win32_1.0.0.202411081344/tools/bin/../lib/gcc/arm-none-eabi/13.3.1/../../../../arm-none-eabi/lib/thumb/v7-m/nofp\libm.a
END GROUP
START GROUP
LOAD C:/ST/STM32CubeIDE_1.19.0/STM32CubeIDE/plugins/com.st.stm32cube.ide.mcu.externaltools.gnu-tools-for-stm32.13.3.rel1.win32_1.0.0.202411081344/tools/bin/../lib/gcc/arm-none-eabi/13.3.1/thumb/v7-m/nofp\libgcc.a
LOAD C:/ST/STM32CubeIDE_1.19.0/STM32CubeIDE/plugins/com.st.stm32cube.ide.mcu.externaltools.gnu-tools-for-stm32.13.3.rel1.win32_1.0.0.202411081344/tools/bin/../lib/gcc/arm-none-eabi/13.3.1/../../../../arm-none-eabi/lib/thumb/v7-m/nofp\libc_nano.a
END GROUP
START GROUP
LOAD C:/ST/STM32CubeIDE_1.19.0/STM32CubeIDE/plugins/com.st.stm32cube.ide.mcu.externaltools.gnu-tools-for-stm32.13.3.rel1.win32_1.0.0.202411081344/tools/bin/../lib/gcc/arm-none-eabi/13.3.1/thumb/v7-m/nofp\libgcc.a
LOAD C:/ST/STM32CubeIDE_1.19.0/STM32CubeIDE/plugins/com.st.stm32cube.ide.mcu.externaltools.gnu-tools-for-stm32.13.3.rel1.win32_1.0.0.202411081344/tools/bin/../lib/gcc/arm-none-eabi/13.3.1/../../../../arm-none-eabi/lib/thumb/v7-m/nofp\libc_nano.a
LOAD C:/ST/STM32CubeIDE_1.19.0/STM32CubeIDE/plugins/com.st.stm32cube.ide.mcu.externaltools.gnu-tools-for-stm32.13.3.rel1.win32_1.0.0.202411081344/tools/bin/../lib/gcc/arm-none-eabi/13.3.1/../../../../arm-none-eabi/lib/thumb/v7-m/nofp\libnosys.a
END GROUP
START GROUP
LOAD C:/ST/STM32CubeIDE_1.19.0/STM32CubeIDE/plugins/com.st.stm32cube.ide.mcu.externaltools.gnu-tools-for-stm32.13.3.rel1.win32_1.0.0.202411081344/tools/bin/../lib/gcc/arm-none-eabi/13.3.1/thumb/v7-m/nofp\libgcc.a
LOAD C:/ST/STM32CubeIDE_1.19.0/STM32CubeIDE/plugins/com.st.stm32cube.ide.mcu.externaltools.gnu-tools-for-stm32.13.3.rel1.win32_1.0.0.202411081344/tools/bin/../lib/gcc/arm-none-eabi/13.3.1/../../../../arm-none-eabi/lib/thumb/v7-m/nofp\libc_nano.a
LOAD C:/ST/STM32CubeIDE_1.19.0/STM32CubeIDE/plugins/com.st.stm32cube.ide.mcu.externaltools.gnu-tools-for-stm32.13.3.rel1.win32_1.0.0.202411081344/tools/bin/../lib/gcc/arm-none-eabi/13.3.1/../../../../arm-none-eabi/lib/thumb/v7-m/nofp\libnosys.a
END GROUP
LOAD C:/ST/STM32CubeIDE_1.19.0/STM32CubeIDE/plugins/com.st.stm32cube.ide.mcu.externaltools.gnu-tools-for-stm32.13.3.rel1.win32_1.0.0.202411081344/tools/bin/../lib/gcc/arm-none-eabi/13.3.1/thumb/v7-m/nofp/crtend.o
LOAD C:/ST/STM32CubeIDE_1.19.0/STM32CubeIDE/plugins/com.st.stm32cube.ide.mcu.externaltools.gnu-tools-for-stm32.13.3.rel1.win32_1.0.0.202411081344/tools/bin/../lib/gcc/arm-none-eabi/13.3.1/thumb/v7-m/nofp/crtn.o
                0x20002800                        _estack = (ORIGIN (RAM) + LENGTH (RAM))
                0x00000200                        _Min_Heap_Size = 0x200
                0x00000400                        _Min_Stack_Size = 0x400

.isr_vector     0x08000000      0x10c
                0x08000000                        . = ALIGN (0x4)
 *(.isr_vector)
 .isr_vector    0x08000000      0x10c ./Core/Startup/startup_stm32f103c6ux.o
                0x08000000                g_pfnVectors
                0x0800010c                        . = ALIGN (0x4)

.text           0x0800010c     0x2b98
                0x0800010c                        . = ALIGN (0x4)
 *(.text)
 .text          0x0800010c       0x40 C:/ST/STM32CubeIDE_1.19.0/STM32CubeIDE/plugins/com.st.stm32cube.ide.mcu.externaltools.gnu-tools-for-stm32.13.3.rel1.win32_1.0.0.202411081344/tools/bin/../lib/gcc/arm-none-eabi/13.3.1/thumb/v7-m/nofp/crtbegin.o
 .text          0x0800014c      0x378 C:/ST/STM32CubeIDE_1.19.0/STM32CubeIDE/plugins/com.st.stm32cube.ide.mcu.externaltools.gnu-tools-for-stm32.13.3.rel1.win32_1.0.0.202411081344/tools/bin/../lib/gcc/arm-none-eabi/13.3.1/thumb/v7-m/nofp\libgcc.a(_arm_addsubdf3.o)
                0x0800014c                __aeabi_drsub
                0x08000154                __aeabi_dsub
                0x08000154                __subdf3
                0x08000158                __aeabi_dadd
                0x08000158                __adddf3
                0x080003d0                __floatunsidf
                0x080003d0                __aeabi_ui2d
                0x080003f0                __floatsidf
                0x080003f0                __aeabi_i2d
                0x08000414                __aeabi_f2d
                0x08000414                __extendsfdf2
                0x08000458                __floatundidf
                0x08000458                __aeabi_ul2d
                0x08000468                __floatdidf
                0x08000468                __aeabi_l2d
 .text          0x080004c4       0x50 C:/ST/STM32CubeIDE_1.19.0/STM32CubeIDE/plugins/com.st.stm32cube.ide.mcu.externaltools.gnu-tools-for-stm32.13.3.rel1.win32_1.0.0.202411081344/tools/bin/../lib/gcc/arm-none-eabi/13.3.1/thumb/v7-m/nofp\libgcc.a(_arm_fixdfsi.o)
                0x080004c4                __aeabi_d2iz
                0x080004c4                __fixdfsi
 *(.text*)
 .text.fsm_traffic_run
                0x08000514      0x250 ./Core/Src/fsm_traffic.o
                0x08000514                fsm_traffic_run
 .text.fsm_for_input_processing
                0x08000764      0x2b0 ./Core/Src/input_processing.o
                0x08000764                fsm_for_input_processing
 .text.temp2main
                0x08000a14       0x2c ./Core/Src/input_processing.o
                0x08000a14                temp2main
 .text.main2temp
                0x08000a40       0x2c ./Core/Src/input_processing.o
                0x08000a40                main2temp
 .text.button_reading
                0x08000a6c      0x138 ./Core/Src/input_reading.o
                0x08000a6c                button_reading
 .text.is_button_pressed
                0x08000ba4       0x34 ./Core/Src/input_reading.o
                0x08000ba4                is_button_pressed
 .text.is_button_pressed_1s
                0x08000bd8       0x34 ./Core/Src/input_reading.o
                0x08000bd8                is_button_pressed_1s
 .text.updateModeToBuffer
                0x08000c0c       0x48 ./Core/Src/leds_display.o
                0x08000c0c                updateModeToBuffer
 .text.updateSetDuration
                0x08000c54       0x48 ./Core/Src/leds_display.o
                0x08000c54                updateSetDuration
 .text.updateDurToBuffer
                0x08000c9c       0x78 ./Core/Src/leds_display.o
                0x08000c9c                updateDurToBuffer
 .text.display7SEG1
                0x08000d14       0x68 ./Core/Src/leds_display.o
                0x08000d14                display7SEG1
 .text.display7SEG2
                0x08000d7c       0x68 ./Core/Src/leds_display.o
                0x08000d7c                display7SEG2
 .text.update7SEG1
                0x08000de4       0x70 ./Core/Src/leds_display.o
                0x08000de4                update7SEG1
 .text.update7SEG2
                0x08000e54       0x70 ./Core/Src/leds_display.o
                0x08000e54                update7SEG2
 .text.setLEDs  0x08000ec4       0xa8 ./Core/Src/leds_display.o
                0x08000ec4                setLEDs
 .text.clearTrafficLEDs
                0x08000f6c       0x40 ./Core/Src/leds_display.o
                0x08000f6c                clearTrafficLEDs
 .text.main     0x08000fac      0x148 ./Core/Src/main.o
                0x08000fac                main
 .text.SystemClock_Config
                0x080010f4       0x76 ./Core/Src/main.o
                0x080010f4                SystemClock_Config
 *fill*         0x0800116a        0x2 
 .text.MX_TIM2_Init
                0x0800116c       0x98 ./Core/Src/main.o
 .text.MX_GPIO_Init
                0x08001204       0xc8 ./Core/Src/main.o
 .text.Error_Handler
                0x080012cc        0xc ./Core/Src/main.o
                0x080012cc                Error_Handler
 .text.setTimer0
                0x080012d8       0x38 ./Core/Src/software_timer.o
                0x080012d8                setTimer0
 .text.setTimer1
                0x08001310       0x38 ./Core/Src/software_timer.o
                0x08001310                setTimer1
 .text.setTimer2
                0x08001348       0x38 ./Core/Src/software_timer.o
                0x08001348                setTimer2
 .text.setTimer3
                0x08001380       0x38 ./Core/Src/software_timer.o
                0x08001380                setTimer3
 .text.setTimer4
                0x080013b8       0x38 ./Core/Src/software_timer.o
                0x080013b8                setTimer4
 .text.timerRun
                0x080013f0       0xd4 ./Core/Src/software_timer.o
                0x080013f0                timerRun
 .text.HAL_TIM_PeriodElapsedCallback
                0x080014c4       0x22 ./Core/Src/software_timer.o
                0x080014c4                HAL_TIM_PeriodElapsedCallback
 *fill*         0x080014e6        0x2 
 .text.HAL_MspInit
                0x080014e8       0x64 ./Core/Src/stm32f1xx_hal_msp.o
                0x080014e8                HAL_MspInit
 .text.HAL_TIM_Base_MspInit
                0x0800154c       0x48 ./Core/Src/stm32f1xx_hal_msp.o
                0x0800154c                HAL_TIM_Base_MspInit
 .text.NMI_Handler
                0x08001594        0x8 ./Core/Src/stm32f1xx_it.o
                0x08001594                NMI_Handler
 .text.HardFault_Handler
                0x0800159c        0x8 ./Core/Src/stm32f1xx_it.o
                0x0800159c                HardFault_Handler
 .text.MemManage_Handler
                0x080015a4        0x8 ./Core/Src/stm32f1xx_it.o
                0x080015a4                MemManage_Handler
 .text.BusFault_Handler
                0x080015ac        0x8 ./Core/Src/stm32f1xx_it.o
                0x080015ac                BusFault_Handler
 .text.UsageFault_Handler
                0x080015b4        0x8 ./Core/Src/stm32f1xx_it.o
                0x080015b4                UsageFault_Handler
 .text.SVC_Handler
                0x080015bc        0xc ./Core/Src/stm32f1xx_it.o
                0x080015bc                SVC_Handler
 .text.DebugMon_Handler
                0x080015c8        0xc ./Core/Src/stm32f1xx_it.o
                0x080015c8                DebugMon_Handler
 .text.PendSV_Handler
                0x080015d4        0xc ./Core/Src/stm32f1xx_it.o
                0x080015d4                PendSV_Handler
 .text.SysTick_Handler
                0x080015e0        0xc ./Core/Src/stm32f1xx_it.o
                0x080015e0                SysTick_Handler
 .text.TIM2_IRQHandler
                0x080015ec       0x14 ./Core/Src/stm32f1xx_it.o
                0x080015ec                TIM2_IRQHandler
 .text.SystemInit
                0x08001600        0xc ./Core/Src/system_stm32f1xx.o
                0x08001600                SystemInit
 .text.Reset_Handler
                0x0800160c       0x48 ./Core/Startup/startup_stm32f103c6ux.o
                0x0800160c                Reset_Handler
 .text.Default_Handler
                0x08001654        0x2 ./Core/Startup/startup_stm32f103c6ux.o
                0x08001654                RTC_Alarm_IRQHandler
                0x08001654                EXTI2_IRQHandler
                0x08001654                TIM1_CC_IRQHandler
                0x08001654                PVD_IRQHandler
                0x08001654                EXTI3_IRQHandler
                0x08001654                EXTI0_IRQHandler
                0x08001654                ADC1_2_IRQHandler
                0x08001654                SPI1_IRQHandler
                0x08001654                TAMPER_IRQHandler
                0x08001654                DMA1_Channel4_IRQHandler
                0x08001654                RTC_IRQHandler
                0x08001654                DMA1_Channel7_IRQHandler
                0x08001654                CAN1_RX1_IRQHandler
                0x08001654                I2C1_EV_IRQHandler
                0x08001654                DMA1_Channel6_IRQHandler
                0x08001654                TIM3_IRQHandler
                0x08001654                RCC_IRQHandler
                0x08001654                TIM1_TRG_COM_IRQHandler
                0x08001654                DMA1_Channel1_IRQHandler
                0x08001654                Default_Handler
                0x08001654                EXTI15_10_IRQHandler
                0x08001654                EXTI9_5_IRQHandler
                0x08001654                DMA1_Channel5_IRQHandler
                0x08001654                EXTI4_IRQHandler
                0x08001654                USB_LP_CAN1_RX0_IRQHandler
                0x08001654                USB_HP_CAN1_TX_IRQHandler
                0x08001654                DMA1_Channel3_IRQHandler
                0x08001654                TIM1_UP_IRQHandler
                0x08001654                WWDG_IRQHandler
                0x08001654                TIM1_BRK_IRQHandler
                0x08001654                EXTI1_IRQHandler
                0x08001654                USART2_IRQHandler
                0x08001654                DMA1_Channel2_IRQHandler
                0x08001654                CAN1_SCE_IRQHandler
                0x08001654                FLASH_IRQHandler
                0x08001654                USART1_IRQHandler
                0x08001654                I2C1_ER_IRQHandler
                0x08001654                USBWakeUp_IRQHandler
 *fill*         0x08001656        0x2 
 .text.HAL_Init
                0x08001658       0x2c ./Drivers/STM32F1xx_HAL_Driver/Src/stm32f1xx_hal.o
                0x08001658                HAL_Init
 .text.HAL_InitTick
                0x08001684       0x60 ./Drivers/STM32F1xx_HAL_Driver/Src/stm32f1xx_hal.o
                0x08001684                HAL_InitTick
 .text.HAL_IncTick
                0x080016e4       0x24 ./Drivers/STM32F1xx_HAL_Driver/Src/stm32f1xx_hal.o
                0x080016e4                HAL_IncTick
 .text.HAL_GetTick
                0x08001708       0x14 ./Drivers/STM32F1xx_HAL_Driver/Src/stm32f1xx_hal.o
                0x08001708                HAL_GetTick
 .text.__NVIC_SetPriorityGrouping
                0x0800171c       0x48 ./Drivers/STM32F1xx_HAL_Driver/Src/stm32f1xx_hal_cortex.o
 .text.__NVIC_GetPriorityGrouping
                0x08001764       0x1c ./Drivers/STM32F1xx_HAL_Driver/Src/stm32f1xx_hal_cortex.o
 .text.__NVIC_EnableIRQ
                0x08001780       0x38 ./Drivers/STM32F1xx_HAL_Driver/Src/stm32f1xx_hal_cortex.o
 .text.__NVIC_SetPriority
                0x080017b8       0x54 ./Drivers/STM32F1xx_HAL_Driver/Src/stm32f1xx_hal_cortex.o
 .text.NVIC_EncodePriority
                0x0800180c       0x64 ./Drivers/STM32F1xx_HAL_Driver/Src/stm32f1xx_hal_cortex.o
 .text.SysTick_Config
                0x08001870       0x44 ./Drivers/STM32F1xx_HAL_Driver/Src/stm32f1xx_hal_cortex.o
 .text.HAL_NVIC_SetPriorityGrouping
                0x080018b4       0x16 ./Drivers/STM32F1xx_HAL_Driver/Src/stm32f1xx_hal_cortex.o
                0x080018b4                HAL_NVIC_SetPriorityGrouping
 .text.HAL_NVIC_SetPriority
                0x080018ca       0x38 ./Drivers/STM32F1xx_HAL_Driver/Src/stm32f1xx_hal_cortex.o
                0x080018ca                HAL_NVIC_SetPriority
 .text.HAL_NVIC_EnableIRQ
                0x08001902       0x1c ./Drivers/STM32F1xx_HAL_Driver/Src/stm32f1xx_hal_cortex.o
                0x08001902                HAL_NVIC_EnableIRQ
 .text.HAL_SYSTICK_Config
                0x0800191e       0x18 ./Drivers/STM32F1xx_HAL_Driver/Src/stm32f1xx_hal_cortex.o
                0x0800191e                HAL_SYSTICK_Config
 *fill*         0x08001936        0x2 
 .text.HAL_GPIO_Init
                0x08001938      0x2f8 ./Drivers/STM32F1xx_HAL_Driver/Src/stm32f1xx_hal_gpio.o
                0x08001938                HAL_GPIO_Init
 .text.HAL_GPIO_ReadPin
                0x08001c30       0x2e ./Drivers/STM32F1xx_HAL_Driver/Src/stm32f1xx_hal_gpio.o
                0x08001c30                HAL_GPIO_ReadPin
 .text.HAL_GPIO_WritePin
                0x08001c5e       0x30 ./Drivers/STM32F1xx_HAL_Driver/Src/stm32f1xx_hal_gpio.o
                0x08001c5e                HAL_GPIO_WritePin
 .text.HAL_GPIO_TogglePin
                0x08001c8e       0x32 ./Drivers/STM32F1xx_HAL_Driver/Src/stm32f1xx_hal_gpio.o
                0x08001c8e                HAL_GPIO_TogglePin
 .text.HAL_RCC_OscConfig
                0x08001cc0      0x504 ./Drivers/STM32F1xx_HAL_Driver/Src/stm32f1xx_hal_rcc.o
                0x08001cc0                HAL_RCC_OscConfig
 .text.HAL_RCC_ClockConfig
                0x080021c4      0x1d4 ./Drivers/STM32F1xx_HAL_Driver/Src/stm32f1xx_hal_rcc.o
                0x080021c4                HAL_RCC_ClockConfig
 .text.HAL_RCC_GetSysClockFreq
                0x08002398       0xa8 ./Drivers/STM32F1xx_HAL_Driver/Src/stm32f1xx_hal_rcc.o
                0x08002398                HAL_RCC_GetSysClockFreq
 .text.RCC_Delay
                0x08002440       0x3c ./Drivers/STM32F1xx_HAL_Driver/Src/stm32f1xx_hal_rcc.o
 .text.HAL_TIM_Base_Init
                0x0800247c       0x9e ./Drivers/STM32F1xx_HAL_Driver/Src/stm32f1xx_hal_tim.o
                0x0800247c                HAL_TIM_Base_Init
 *fill*         0x0800251a        0x2 
 .text.HAL_TIM_Base_Start_IT
                0x0800251c       0x98 ./Drivers/STM32F1xx_HAL_Driver/Src/stm32f1xx_hal_tim.o
                0x0800251c                HAL_TIM_Base_Start_IT
 .text.HAL_TIM_IRQHandler
                0x080025b4      0x1e0 ./Drivers/STM32F1xx_HAL_Driver/Src/stm32f1xx_hal_tim.o
                0x080025b4                HAL_TIM_IRQHandler
 .text.HAL_TIM_ConfigClockSource
                0x08002794      0x18e ./Drivers/STM32F1xx_HAL_Driver/Src/stm32f1xx_hal_tim.o
                0x08002794                HAL_TIM_ConfigClockSource
 .text.HAL_TIM_OC_DelayElapsedCallback
                0x08002922       0x12 ./Drivers/STM32F1xx_HAL_Driver/Src/stm32f1xx_hal_tim.o
                0x08002922                HAL_TIM_OC_DelayElapsedCallback
 .text.HAL_TIM_IC_CaptureCallback
                0x08002934       0x12 ./Drivers/STM32F1xx_HAL_Driver/Src/stm32f1xx_hal_tim.o
                0x08002934                HAL_TIM_IC_CaptureCallback
 .text.HAL_TIM_PWM_PulseFinishedCallback
                0x08002946       0x12 ./Drivers/STM32F1xx_HAL_Driver/Src/stm32f1xx_hal_tim.o
                0x08002946                HAL_TIM_PWM_PulseFinishedCallback
 .text.HAL_TIM_TriggerCallback
                0x08002958       0x12 ./Drivers/STM32F1xx_HAL_Driver/Src/stm32f1xx_hal_tim.o
                0x08002958                HAL_TIM_TriggerCallback
 *fill*         0x0800296a        0x2 
 .text.TIM_Base_SetConfig
                0x0800296c       0xc8 ./Drivers/STM32F1xx_HAL_Driver/Src/stm32f1xx_hal_tim.o
                0x0800296c                TIM_Base_SetConfig
 .text.TIM_TI1_ConfigInputStage
                0x08002a34       0x5c ./Drivers/STM32F1xx_HAL_Driver/Src/stm32f1xx_hal_tim.o
 .text.TIM_TI2_ConfigInputStage
                0x08002a90       0x5e ./Drivers/STM32F1xx_HAL_Driver/Src/stm32f1xx_hal_tim.o
 .text.TIM_ITRx_SetConfig
                0x08002aee       0x34 ./Drivers/STM32F1xx_HAL_Driver/Src/stm32f1xx_hal_tim.o
 .text.TIM_ETR_SetConfig
                0x08002b22       0x3e ./Drivers/STM32F1xx_HAL_Driver/Src/stm32f1xx_hal_tim.o
                0x08002b22                TIM_ETR_SetConfig
 .text.HAL_TIMEx_MasterConfigSynchronization
                0x08002b60       0xb0 ./Drivers/STM32F1xx_HAL_Driver/Src/stm32f1xx_hal_tim_ex.o
                0x08002b60                HAL_TIMEx_MasterConfigSynchronization
 .text.HAL_TIMEx_CommutCallback
                0x08002c10       0x12 ./Drivers/STM32F1xx_HAL_Driver/Src/stm32f1xx_hal_tim_ex.o
                0x08002c10                HAL_TIMEx_CommutCallback
 .text.HAL_TIMEx_BreakCallback
                0x08002c22       0x12 ./Drivers/STM32F1xx_HAL_Driver/Src/stm32f1xx_hal_tim_ex.o
                0x08002c22                HAL_TIMEx_BreakCallback
 .text.memset   0x08002c34       0x10 C:/ST/STM32CubeIDE_1.19.0/STM32CubeIDE/plugins/com.st.stm32cube.ide.mcu.externaltools.gnu-tools-for-stm32.13.3.rel1.win32_1.0.0.202411081344/tools/bin/../lib/gcc/arm-none-eabi/13.3.1/../../../../arm-none-eabi/lib/thumb/v7-m/nofp\libc_nano.a(libc_a-memset.o)
                0x08002c34                memset
 .text.__libc_init_array
                0x08002c44       0x48 C:/ST/STM32CubeIDE_1.19.0/STM32CubeIDE/plugins/com.st.stm32cube.ide.mcu.externaltools.gnu-tools-for-stm32.13.3.rel1.win32_1.0.0.202411081344/tools/bin/../lib/gcc/arm-none-eabi/13.3.1/../../../../arm-none-eabi/lib/thumb/v7-m/nofp\libc_nano.a(libc_a-init.o)
                0x08002c44                __libc_init_array
 *(.glue_7)
 .glue_7        0x08002c8c        0x0 linker stubs
 *(.glue_7t)
 .glue_7t       0x08002c8c        0x0 linker stubs
 *(.eh_frame)
 .eh_frame      0x08002c8c        0x0 C:/ST/STM32CubeIDE_1.19.0/STM32CubeIDE/plugins/com.st.stm32cube.ide.mcu.externaltools.gnu-tools-for-stm32.13.3.rel1.win32_1.0.0.202411081344/tools/bin/../lib/gcc/arm-none-eabi/13.3.1/thumb/v7-m/nofp/crtbegin.o
 *(.init)
 .init          0x08002c8c        0x4 C:/ST/STM32CubeIDE_1.19.0/STM32CubeIDE/plugins/com.st.stm32cube.ide.mcu.externaltools.gnu-tools-for-stm32.13.3.rel1.win32_1.0.0.202411081344/tools/bin/../lib/gcc/arm-none-eabi/13.3.1/thumb/v7-m/nofp/crti.o
                0x08002c8c                _init
 .init          0x08002c90        0x8 C:/ST/STM32CubeIDE_1.19.0/STM32CubeIDE/plugins/com.st.stm32cube.ide.mcu.externaltools.gnu-tools-for-stm32.13.3.rel1.win32_1.0.0.202411081344/tools/bin/../lib/gcc/arm-none-eabi/13.3.1/thumb/v7-m/nofp/crtn.o
 *(.fini)
 .fini          0x08002c98        0x4 C:/ST/STM32CubeIDE_1.19.0/STM32CubeIDE/plugins/com.st.stm32cube.ide.mcu.externaltools.gnu-tools-for-stm32.13.3.rel1.win32_1.0.0.202411081344/tools/bin/../lib/gcc/arm-none-eabi/13.3.1/thumb/v7-m/nofp/crti.o
                0x08002c98                _fini
 .fini          0x08002c9c        0x8 C:/ST/STM32CubeIDE_1.19.0/STM32CubeIDE/plugins/com.st.stm32cube.ide.mcu.externaltools.gnu-tools-for-stm32.13.3.rel1.win32_1.0.0.202411081344/tools/bin/../lib/gcc/arm-none-eabi/13.3.1/thumb/v7-m/nofp/crtn.o
                0x08002ca4                        . = ALIGN (0x4)
                0x08002ca4                        _etext = .

.vfp11_veneer   0x08002ca4        0x0
 .vfp11_veneer  0x08002ca4        0x0 linker stubs

.v4_bx          0x08002ca4        0x0
 .v4_bx         0x08002ca4        0x0 linker stubs

.iplt           0x08002ca4        0x0
 .iplt          0x08002ca4        0x0 C:/ST/STM32CubeIDE_1.19.0/STM32CubeIDE/plugins/com.st.stm32cube.ide.mcu.externaltools.gnu-tools-for-stm32.13.3.rel1.win32_1.0.0.202411081344/tools/bin/../lib/gcc/arm-none-eabi/13.3.1/thumb/v7-m/nofp/crtbegin.o

.rodata         0x08002ca4       0x24
                0x08002ca4                        . = ALIGN (0x4)
 *(.rodata)
 *(.rodata*)
 .rodata.AHBPrescTable
                0x08002ca4       0x10 ./Core/Src/system_stm32f1xx.o
                0x08002ca4                AHBPrescTable
 .rodata.aPLLMULFactorTable.1
                0x08002cb4       0x10 ./Drivers/STM32F1xx_HAL_Driver/Src/stm32f1xx_hal_rcc.o
 .rodata.aPredivFactorTable.0
                0x08002cc4        0x2 ./Drivers/STM32F1xx_HAL_Driver/Src/stm32f1xx_hal_rcc.o
                0x08002cc8                        . = ALIGN (0x4)
 *fill*         0x08002cc6        0x2 

.ARM.extab      0x08002cc8        0x0
                0x08002cc8                        . = ALIGN (0x4)
 *(.ARM.extab* .gnu.linkonce.armextab.*)
                0x08002cc8                        . = ALIGN (0x4)

.ARM            0x08002cc8        0x0
                0x08002cc8                        . = ALIGN (0x4)
                0x08002cc8                        __exidx_start = .
 *(.ARM.exidx*)
                0x08002cc8                        __exidx_end = .
                0x08002cc8                        . = ALIGN (0x4)

.preinit_array  0x08002cc8        0x0
                0x08002cc8                        . = ALIGN (0x4)
                0x08002cc8                        PROVIDE (__preinit_array_start = .)
 *(.preinit_array*)
                0x08002cc8                        PROVIDE (__preinit_array_end = .)
                0x08002cc8                        . = ALIGN (0x4)

.init_array     0x08002cc8        0x4
                0x08002cc8                        . = ALIGN (0x4)
                0x08002cc8                        PROVIDE (__init_array_start = .)
 *(SORT_BY_NAME(.init_array.*))
 *(.init_array*)
 .init_array    0x08002cc8        0x4 C:/ST/STM32CubeIDE_1.19.0/STM32CubeIDE/plugins/com.st.stm32cube.ide.mcu.externaltools.gnu-tools-for-stm32.13.3.rel1.win32_1.0.0.202411081344/tools/bin/../lib/gcc/arm-none-eabi/13.3.1/thumb/v7-m/nofp/crtbegin.o
                0x08002ccc                        PROVIDE (__init_array_end = .)
                0x08002ccc                        . = ALIGN (0x4)

.fini_array     0x08002ccc        0x4
                0x08002ccc                        . = ALIGN (0x4)
                [!provide]                        PROVIDE (__fini_array_start = .)
 *(SORT_BY_NAME(.fini_array.*))
 *(.fini_array*)
 .fini_array    0x08002ccc        0x4 C:/ST/STM32CubeIDE_1.19.0/STM32CubeIDE/plugins/com.st.stm32cube.ide.mcu.externaltools.gnu-tools-for-stm32.13.3.rel1.win32_1.0.0.202411081344/tools/bin/../lib/gcc/arm-none-eabi/13.3.1/thumb/v7-m/nofp/crtbegin.o
                [!provide]                        PROVIDE (__fini_array_end = .)
                0x08002cd0                        . = ALIGN (0x4)
                0x08002cd0                        _sidata = LOADADDR (.data)

.rel.dyn        0x08002cd0        0x0
 .rel.iplt      0x08002cd0        0x0 C:/ST/STM32CubeIDE_1.19.0/STM32CubeIDE/plugins/com.st.stm32cube.ide.mcu.externaltools.gnu-tools-for-stm32.13.3.rel1.win32_1.0.0.202411081344/tools/bin/../lib/gcc/arm-none-eabi/13.3.1/thumb/v7-m/nofp/crtbegin.o

.data           0x20000000       0xd8 load address 0x08002cd0
                0x20000000                        . = ALIGN (0x4)
                0x20000000                        _sdata = .
 *(.data)
 *(.data*)
 .data.start_new_loop
                0x20000000        0x4 ./Core/Src/global.o
                0x20000000                start_new_loop
 .data.is_first_time
                0x20000004        0x4 ./Core/Src/global.o
                0x20000004                is_first_time
 .data.duration_buffer_temp
                0x20000008        0xc ./Core/Src/global.o
                0x20000008                duration_buffer_temp
 .data.duration_buffer_1
                0x20000014        0xc ./Core/Src/global.o
                0x20000014                duration_buffer_1
 .data.duration_buffer_2
                0x20000020        0xc ./Core/Src/global.o
                0x20000020                duration_buffer_2
 .data.buttonBuffer
                0x2000002c        0x3 ./Core/Src/input_reading.o
 *fill*         0x2000002f        0x1 
 .data.debounceButtonBuffer1
                0x20000030        0x3 ./Core/Src/input_reading.o
 *fill*         0x20000033        0x1 
 .data.debounceButtonBuffer2
                0x20000034        0x3 ./Core/Src/input_reading.o
 *fill*         0x20000037        0x1 
 .data.BUTTON_Pins
                0x20000038        0xc ./Core/Src/input_reading.o
                0x20000038                BUTTON_Pins
 .data.segmentMap
                0x20000044       0x28 ./Core/Src/leds_display.o
                0x20000044                segmentMap
 .data.SEG_Pins_1
                0x2000006c       0x1c ./Core/Src/leds_display.o
                0x2000006c                SEG_Pins_1
 .data.SEG_Pins_2
                0x20000088       0x1c ./Core/Src/leds_display.o
                0x20000088                SEG_Pins_2
 .data.EN_Pins  0x200000a4       0x10 ./Core/Src/leds_display.o
                0x200000a4                EN_Pins
 .data.all_LEDs
                0x200000b4       0x18 ./Core/Src/leds_display.o
                0x200000b4                all_LEDs
 .data.SystemCoreClock
                0x200000cc        0x4 ./Core/Src/system_stm32f1xx.o
                0x200000cc                SystemCoreClock
 .data.uwTickPrio
                0x200000d0        0x4 ./Drivers/STM32F1xx_HAL_Driver/Src/stm32f1xx_hal.o
                0x200000d0                uwTickPrio
 .data.uwTickFreq
                0x200000d4        0x1 ./Drivers/STM32F1xx_HAL_Driver/Src/stm32f1xx_hal.o
                0x200000d4                uwTickFreq
 *(.RamFunc)
 *(.RamFunc*)
                0x200000d8                        . = ALIGN (0x4)
 *fill*         0x200000d5        0x3 
                0x200000d8                        _edata = .

.igot.plt       0x200000d8        0x0 load address 0x08002da8
 .igot.plt      0x200000d8        0x0 C:/ST/STM32CubeIDE_1.19.0/STM32CubeIDE/plugins/com.st.stm32cube.ide.mcu.externaltools.gnu-tools-for-stm32.13.3.rel1.win32_1.0.0.202411081344/tools/bin/../lib/gcc/arm-none-eabi/13.3.1/thumb/v7-m/nofp/crtbegin.o
                0x200000d8                        . = ALIGN (0x4)

.bss            0x200000d8       0xd0 load address 0x08002da8
                0x200000d8                        _sbss = .
                0x200000d8                        __bss_start__ = _sbss
 *(.bss)
 .bss           0x200000d8       0x1c C:/ST/STM32CubeIDE_1.19.0/STM32CubeIDE/plugins/com.st.stm32cube.ide.mcu.externaltools.gnu-tools-for-stm32.13.3.rel1.win32_1.0.0.202411081344/tools/bin/../lib/gcc/arm-none-eabi/13.3.1/thumb/v7-m/nofp/crtbegin.o
 *(.bss*)
 .bss.systemMode
                0x200000f4        0x4 ./Core/Src/global.o
                0x200000f4                systemMode
 .bss.trafficState
                0x200000f8        0x4 ./Core/Src/global.o
                0x200000f8                trafficState
 .bss.countDownDur1
                0x200000fc        0x4 ./Core/Src/global.o
                0x200000fc                countDownDur1
 .bss.countDownDur2
                0x20000100        0x4 ./Core/Src/global.o
                0x20000100                countDownDur2
 .bss.buttonState
                0x20000104        0x3 ./Core/Src/input_processing.o
                0x20000104                buttonState
 *fill*         0x20000107        0x1 
 .bss.flagForButtonPress1s
                0x20000108        0x3 ./Core/Src/input_reading.o
 *fill*         0x2000010b        0x1 
 .bss.counterForButtonPress1s
                0x2000010c        0x6 ./Core/Src/input_reading.o
 *fill*         0x20000112        0x2 
 .bss.counterAfterLongPress
                0x20000114        0x6 ./Core/Src/input_reading.o
 *fill*         0x2000011a        0x2 
 .bss.flagForLongPress
                0x2000011c        0x3 ./Core/Src/input_reading.o
                0x2000011c                flagForLongPress
 *fill*         0x2000011f        0x1 
 .bss.index_led
                0x20000120        0x4 ./Core/Src/leds_display.o
                0x20000120                index_led
 .bss.led_buffer
                0x20000124       0x10 ./Core/Src/leds_display.o
                0x20000124                led_buffer
 .bss.htim2     0x20000134       0x48 ./Core/Src/main.o
                0x20000134                htim2
 .bss.timer0_flag
                0x2000017c        0x4 ./Core/Src/software_timer.o
                0x2000017c                timer0_flag
 .bss.timer1_flag
                0x20000180        0x4 ./Core/Src/software_timer.o
                0x20000180                timer1_flag
 .bss.timer2_flag
                0x20000184        0x4 ./Core/Src/software_timer.o
                0x20000184                timer2_flag
 .bss.timer3_flag
                0x20000188        0x4 ./Core/Src/software_timer.o
                0x20000188                timer3_flag
 .bss.timer4_flag
                0x2000018c        0x4 ./Core/Src/software_timer.o
                0x2000018c                timer4_flag
 .bss.timer0_counter
                0x20000190        0x4 ./Core/Src/software_timer.o
                0x20000190                timer0_counter
 .bss.timer1_counter
                0x20000194        0x4 ./Core/Src/software_timer.o
                0x20000194                timer1_counter
 .bss.timer2_counter
                0x20000198        0x4 ./Core/Src/software_timer.o
                0x20000198                timer2_counter
 .bss.timer3_counter
                0x2000019c        0x4 ./Core/Src/software_timer.o
                0x2000019c                timer3_counter
 .bss.timer4_counter
                0x200001a0        0x4 ./Core/Src/software_timer.o
                0x200001a0                timer4_counter
 .bss.uwTick    0x200001a4        0x4 ./Drivers/STM32F1xx_HAL_Driver/Src/stm32f1xx_hal.o
                0x200001a4                uwTick
 *(COMMON)
                0x200001a8                        . = ALIGN (0x4)
                0x200001a8                        _ebss = .
                0x200001a8                        __bss_end__ = _ebss

._user_heap_stack
                0x200001a8      0x600 load address 0x08002da8
                0x200001a8                        . = ALIGN (0x8)
                [!provide]                        PROVIDE (end = .)
                0x200001a8                        PROVIDE (_end = .)
                0x200003a8                        . = (. + _Min_Heap_Size)
 *fill*         0x200001a8      0x200 
                0x200007a8                        . = (. + _Min_Stack_Size)
 *fill*         0x200003a8      0x400 
                0x200007a8                        . = ALIGN (0x8)

/DISCARD/
 libc.a(*)
 libm.a(*)
 libgcc.a(*)

.ARM.attributes
                0x00000000       0x29
 *(.ARM.attributes)
 .ARM.attributes
                0x00000000       0x1d C:/ST/STM32CubeIDE_1.19.0/STM32CubeIDE/plugins/com.st.stm32cube.ide.mcu.externaltools.gnu-tools-for-stm32.13.3.rel1.win32_1.0.0.202411081344/tools/bin/../lib/gcc/arm-none-eabi/13.3.1/thumb/v7-m/nofp/crti.o
 .ARM.attributes
                0x0000001d       0x2d C:/ST/STM32CubeIDE_1.19.0/STM32CubeIDE/plugins/com.st.stm32cube.ide.mcu.externaltools.gnu-tools-for-stm32.13.3.rel1.win32_1.0.0.202411081344/tools/bin/../lib/gcc/arm-none-eabi/13.3.1/thumb/v7-m/nofp/crtbegin.o
 .ARM.attributes
                0x0000004a       0x2d ./Core/Src/fsm_traffic.o
 .ARM.attributes
                0x00000077       0x2d ./Core/Src/global.o
 .ARM.attributes
                0x000000a4       0x2d ./Core/Src/input_processing.o
 .ARM.attributes
                0x000000d1       0x2d ./Core/Src/input_reading.o
 .ARM.attributes
                0x000000fe       0x2d ./Core/Src/leds_display.o
 .ARM.attributes
                0x0000012b       0x2d ./Core/Src/main.o
 .ARM.attributes
                0x00000158       0x2d ./Core/Src/software_timer.o
 .ARM.attributes
                0x00000185       0x2d ./Core/Src/stm32f1xx_hal_msp.o
 .ARM.attributes
                0x000001b2       0x2d ./Core/Src/stm32f1xx_it.o
 .ARM.attributes
                0x000001df       0x2d ./Core/Src/system_stm32f1xx.o
 .ARM.attributes
                0x0000020c       0x21 ./Core/Startup/startup_stm32f103c6ux.o
 .ARM.attributes
                0x0000022d       0x2d ./Drivers/STM32F1xx_HAL_Driver/Src/stm32f1xx_hal.o
 .ARM.attributes
                0x0000025a       0x2d ./Drivers/STM32F1xx_HAL_Driver/Src/stm32f1xx_hal_cortex.o
 .ARM.attributes
                0x00000287       0x2d ./Drivers/STM32F1xx_HAL_Driver/Src/stm32f1xx_hal_gpio.o
 .ARM.attributes
                0x000002b4       0x2d ./Drivers/STM32F1xx_HAL_Driver/Src/stm32f1xx_hal_rcc.o
 .ARM.attributes
                0x000002e1       0x2d ./Drivers/STM32F1xx_HAL_Driver/Src/stm32f1xx_hal_tim.o
 .ARM.attributes
                0x0000030e       0x2d ./Drivers/STM32F1xx_HAL_Driver/Src/stm32f1xx_hal_tim_ex.o
 .ARM.attributes
                0x0000033b       0x2d C:/ST/STM32CubeIDE_1.19.0/STM32CubeIDE/plugins/com.st.stm32cube.ide.mcu.externaltools.gnu-tools-for-stm32.13.3.rel1.win32_1.0.0.202411081344/tools/bin/../lib/gcc/arm-none-eabi/13.3.1/../../../../arm-none-eabi/lib/thumb/v7-m/nofp\libc_nano.a(libc_a-memset.o)
 .ARM.attributes
                0x00000368       0x2d C:/ST/STM32CubeIDE_1.19.0/STM32CubeIDE/plugins/com.st.stm32cube.ide.mcu.externaltools.gnu-tools-for-stm32.13.3.rel1.win32_1.0.0.202411081344/tools/bin/../lib/gcc/arm-none-eabi/13.3.1/../../../../arm-none-eabi/lib/thumb/v7-m/nofp\libc_nano.a(libc_a-init.o)
 .ARM.attributes
                0x00000395       0x1d C:/ST/STM32CubeIDE_1.19.0/STM32CubeIDE/plugins/com.st.stm32cube.ide.mcu.externaltools.gnu-tools-for-stm32.13.3.rel1.win32_1.0.0.202411081344/tools/bin/../lib/gcc/arm-none-eabi/13.3.1/thumb/v7-m/nofp\libgcc.a(_arm_addsubdf3.o)
 .ARM.attributes
                0x000003b2       0x1d C:/ST/STM32CubeIDE_1.19.0/STM32CubeIDE/plugins/com.st.stm32cube.ide.mcu.externaltools.gnu-tools-for-stm32.13.3.rel1.win32_1.0.0.202411081344/tools/bin/../lib/gcc/arm-none-eabi/13.3.1/thumb/v7-m/nofp\libgcc.a(_arm_fixdfsi.o)
 .ARM.attributes
                0x000003cf       0x1d C:/ST/STM32CubeIDE_1.19.0/STM32CubeIDE/plugins/com.st.stm32cube.ide.mcu.externaltools.gnu-tools-for-stm32.13.3.rel1.win32_1.0.0.202411081344/tools/bin/../lib/gcc/arm-none-eabi/13.3.1/thumb/v7-m/nofp/crtn.o
OUTPUT(Lab 3.elf elf32-littlearm)
LOAD linker stubs
LOAD C:/ST/STM32CubeIDE_1.19.0/STM32CubeIDE/plugins/com.st.stm32cube.ide.mcu.externaltools.gnu-tools-for-stm32.13.3.rel1.win32_1.0.0.202411081344/tools/bin/../lib/gcc/arm-none-eabi/13.3.1/../../../../arm-none-eabi/lib/thumb/v7-m/nofp\libc.a
LOAD C:/ST/STM32CubeIDE_1.19.0/STM32CubeIDE/plugins/com.st.stm32cube.ide.mcu.externaltools.gnu-tools-for-stm32.13.3.rel1.win32_1.0.0.202411081344/tools/bin/../lib/gcc/arm-none-eabi/13.3.1/../../../../arm-none-eabi/lib/thumb/v7-m/nofp\libm.a
LOAD C:/ST/STM32CubeIDE_1.19.0/STM32CubeIDE/plugins/com.st.stm32cube.ide.mcu.externaltools.gnu-tools-for-stm32.13.3.rel1.win32_1.0.0.202411081344/tools/bin/../lib/gcc/arm-none-eabi/13.3.1/thumb/v7-m/nofp\libgcc.a

.debug_info     0x00000000     0x901a
 .debug_info    0x00000000      0x229 ./Core/Src/fsm_traffic.o
 .debug_info    0x00000229      0x18b ./Core/Src/global.o
 .debug_info    0x000003b4      0x1dd ./Core/Src/input_processing.o
 .debug_info    0x00000591      0x2d8 ./Core/Src/input_reading.o
 .debug_info    0x00000869      0x48f ./Core/Src/leds_display.o
 .debug_info    0x00000cf8      0xc9c ./Core/Src/main.o
 .debug_info    0x00001994      0x7b6 ./Core/Src/software_timer.o
 .debug_info    0x0000214a      0x91a ./Core/Src/stm32f1xx_hal_msp.o
 .debug_info    0x00002a64      0x6a1 ./Core/Src/stm32f1xx_it.o
 .debug_info    0x00003105      0x222 ./Core/Src/system_stm32f1xx.o
 .debug_info    0x00003327       0x30 ./Core/Startup/startup_stm32f103c6ux.o
 .debug_info    0x00003357      0x6e6 ./Drivers/STM32F1xx_HAL_Driver/Src/stm32f1xx_hal.o
 .debug_info    0x00003a3d      0xa69 ./Drivers/STM32F1xx_HAL_Driver/Src/stm32f1xx_hal_cortex.o
 .debug_info    0x000044a6      0x5ab ./Drivers/STM32F1xx_HAL_Driver/Src/stm32f1xx_hal_gpio.o
 .debug_info    0x00004a51      0x7d5 ./Drivers/STM32F1xx_HAL_Driver/Src/stm32f1xx_hal_rcc.o
 .debug_info    0x00005226     0x2959 ./Drivers/STM32F1xx_HAL_Driver/Src/stm32f1xx_hal_tim.o
 .debug_info    0x00007b7f     0x149b ./Drivers/STM32F1xx_HAL_Driver/Src/stm32f1xx_hal_tim_ex.o

.debug_abbrev   0x00000000     0x1d78
 .debug_abbrev  0x00000000      0x101 ./Core/Src/fsm_traffic.o
 .debug_abbrev  0x00000101       0x75 ./Core/Src/global.o
 .debug_abbrev  0x00000176       0xfe ./Core/Src/input_processing.o
 .debug_abbrev  0x00000274      0x176 ./Core/Src/input_reading.o
 .debug_abbrev  0x000003ea      0x1e9 ./Core/Src/leds_display.o
 .debug_abbrev  0x000005d3      0x2c0 ./Core/Src/main.o
 .debug_abbrev  0x00000893      0x1d5 ./Core/Src/software_timer.o
 .debug_abbrev  0x00000a68      0x1ad ./Core/Src/stm32f1xx_hal_msp.o
 .debug_abbrev  0x00000c15      0x191 ./Core/Src/stm32f1xx_it.o
 .debug_abbrev  0x00000da6      0x13f ./Core/Src/system_stm32f1xx.o
 .debug_abbrev  0x00000ee5       0x24 ./Core/Startup/startup_stm32f103c6ux.o
 .debug_abbrev  0x00000f09      0x201 ./Drivers/STM32F1xx_HAL_Driver/Src/stm32f1xx_hal.o
 .debug_abbrev  0x0000110a      0x2f8 ./Drivers/STM32F1xx_HAL_Driver/Src/stm32f1xx_hal_cortex.o
 .debug_abbrev  0x00001402      0x1ca ./Drivers/STM32F1xx_HAL_Driver/Src/stm32f1xx_hal_gpio.o
 .debug_abbrev  0x000015cc      0x2b3 ./Drivers/STM32F1xx_HAL_Driver/Src/stm32f1xx_hal_rcc.o
 .debug_abbrev  0x0000187f      0x277 ./Drivers/STM32F1xx_HAL_Driver/Src/stm32f1xx_hal_tim.o
 .debug_abbrev  0x00001af6      0x282 ./Drivers/STM32F1xx_HAL_Driver/Src/stm32f1xx_hal_tim_ex.o

.debug_aranges  0x00000000      0xa70
 .debug_aranges
                0x00000000       0x20 ./Core/Src/fsm_traffic.o
 .debug_aranges
                0x00000020       0x18 ./Core/Src/global.o
 .debug_aranges
                0x00000038       0x30 ./Core/Src/input_processing.o
 .debug_aranges
                0x00000068       0x30 ./Core/Src/input_reading.o
 .debug_aranges
                0x00000098       0x60 ./Core/Src/leds_display.o
 .debug_aranges
                0x000000f8       0x40 ./Core/Src/main.o
 .debug_aranges
                0x00000138       0x50 ./Core/Src/software_timer.o
 .debug_aranges
                0x00000188       0x30 ./Core/Src/stm32f1xx_hal_msp.o
 .debug_aranges
                0x000001b8       0x68 ./Core/Src/stm32f1xx_it.o
 .debug_aranges
                0x00000220       0x28 ./Core/Src/system_stm32f1xx.o
 .debug_aranges
                0x00000248       0x28 ./Core/Startup/startup_stm32f103c6ux.o
 .debug_aranges
                0x00000270       0xe0 ./Drivers/STM32F1xx_HAL_Driver/Src/stm32f1xx_hal.o
 .debug_aranges
                0x00000350      0x100 ./Drivers/STM32F1xx_HAL_Driver/Src/stm32f1xx_hal_cortex.o
 .debug_aranges
                0x00000450       0x58 ./Drivers/STM32F1xx_HAL_Driver/Src/stm32f1xx_hal_gpio.o
 .debug_aranges
                0x000004a8       0x90 ./Drivers/STM32F1xx_HAL_Driver/Src/stm32f1xx_hal_rcc.o
 .debug_aranges
                0x00000538      0x3d0 ./Drivers/STM32F1xx_HAL_Driver/Src/stm32f1xx_hal_tim.o
 .debug_aranges
                0x00000908      0x168 ./Drivers/STM32F1xx_HAL_Driver/Src/stm32f1xx_hal_tim_ex.o

.debug_rnglists
                0x00000000      0x7e1
 .debug_rnglists
                0x00000000       0x14 ./Core/Src/fsm_traffic.o
 .debug_rnglists
                0x00000014       0x20 ./Core/Src/input_processing.o
 .debug_rnglists
                0x00000034       0x20 ./Core/Src/input_reading.o
 .debug_rnglists
                0x00000054       0x44 ./Core/Src/leds_display.o
 .debug_rnglists
                0x00000098       0x2e ./Core/Src/main.o
 .debug_rnglists
                0x000000c6       0x38 ./Core/Src/software_timer.o
 .debug_rnglists
                0x000000fe       0x1f ./Core/Src/stm32f1xx_hal_msp.o
 .debug_rnglists
                0x0000011d       0x49 ./Core/Src/stm32f1xx_it.o
 .debug_rnglists
                0x00000166       0x1a ./Core/Src/system_stm32f1xx.o
 .debug_rnglists
                0x00000180       0x19 ./Core/Startup/startup_stm32f103c6ux.o
 .debug_rnglists
                0x00000199       0xa3 ./Drivers/STM32F1xx_HAL_Driver/Src/stm32f1xx_hal.o
 .debug_rnglists
                0x0000023c       0xbb ./Drivers/STM32F1xx_HAL_Driver/Src/stm32f1xx_hal_cortex.o
 .debug_rnglists
                0x000002f7       0x3f ./Drivers/STM32F1xx_HAL_Driver/Src/stm32f1xx_hal_gpio.o
 .debug_rnglists
                0x00000336       0x6c ./Drivers/STM32F1xx_HAL_Driver/Src/stm32f1xx_hal_rcc.o
 .debug_rnglists
                0x000003a2      0x31a ./Drivers/STM32F1xx_HAL_Driver/Src/stm32f1xx_hal_tim.o
 .debug_rnglists
                0x000006bc      0x125 ./Drivers/STM32F1xx_HAL_Driver/Src/stm32f1xx_hal_tim_ex.o

.debug_macro    0x00000000    0x1845d
 .debug_macro   0x00000000      0x2c9 ./Core/Src/fsm_traffic.o
 .debug_macro   0x000002c9      0xacc ./Core/Src/fsm_traffic.o
 .debug_macro   0x00000d95       0x22 ./Core/Src/fsm_traffic.o
 .debug_macro   0x00000db7       0x5b ./Core/Src/fsm_traffic.o
 .debug_macro   0x00000e12       0x24 ./Core/Src/fsm_traffic.o
 .debug_macro   0x00000e36       0x94 ./Core/Src/fsm_traffic.o
 .debug_macro   0x00000eca       0x43 ./Core/Src/fsm_traffic.o
 .debug_macro   0x00000f0d       0x34 ./Core/Src/fsm_traffic.o
 .debug_macro   0x00000f41       0x16 ./Core/Src/fsm_traffic.o
 .debug_macro   0x00000f57       0x57 ./Core/Src/fsm_traffic.o
 .debug_macro   0x00000fae       0x9e ./Core/Src/fsm_traffic.o
 .debug_macro   0x0000104c      0x370 ./Core/Src/fsm_traffic.o
 .debug_macro   0x000013bc      0x112 ./Core/Src/fsm_traffic.o
 .debug_macro   0x000014ce       0x10 ./Core/Src/fsm_traffic.o
 .debug_macro   0x000014de       0x16 ./Core/Src/fsm_traffic.o
 .debug_macro   0x000014f4       0x4a ./Core/Src/fsm_traffic.o
 .debug_macro   0x0000153e       0x34 ./Core/Src/fsm_traffic.o
 .debug_macro   0x00001572       0x10 ./Core/Src/fsm_traffic.o
 .debug_macro   0x00001582       0x58 ./Core/Src/fsm_traffic.o
 .debug_macro   0x000015da       0x8e ./Core/Src/fsm_traffic.o
 .debug_macro   0x00001668       0x1c ./Core/Src/fsm_traffic.o
 .debug_macro   0x00001684      0x185 ./Core/Src/fsm_traffic.o
 .debug_macro   0x00001809       0x16 ./Core/Src/fsm_traffic.o
 .debug_macro   0x0000181f       0x16 ./Core/Src/fsm_traffic.o
 .debug_macro   0x00001835      0x146 ./Core/Src/fsm_traffic.o
 .debug_macro   0x0000197b      0x19b ./Core/Src/fsm_traffic.o
 .debug_macro   0x00001b16       0x10 ./Core/Src/fsm_traffic.o
 .debug_macro   0x00001b26      0x215 ./Core/Src/fsm_traffic.o
 .debug_macro   0x00001d3b       0x2e ./Core/Src/fsm_traffic.o
 .debug_macro   0x00001d69       0x22 ./Core/Src/fsm_traffic.o
 .debug_macro   0x00001d8b      0x103 ./Core/Src/fsm_traffic.o
 .debug_macro   0x00001e8e       0x6a ./Core/Src/fsm_traffic.o
 .debug_macro   0x00001ef8      0x1df ./Core/Src/fsm_traffic.o
 .debug_macro   0x000020d7       0x1c ./Core/Src/fsm_traffic.o
 .debug_macro   0x000020f3       0x22 ./Core/Src/fsm_traffic.o
 .debug_macro   0x00002115       0xbd ./Core/Src/fsm_traffic.o
 .debug_macro   0x000021d2      0xd23 ./Core/Src/fsm_traffic.o
 .debug_macro   0x00002ef5     0xde75 ./Core/Src/fsm_traffic.o
 .debug_macro   0x00010d6a       0x6d ./Core/Src/fsm_traffic.o
 .debug_macro   0x00010dd7     0x34a2 ./Core/Src/fsm_traffic.o
 .debug_macro   0x00014279       0x56 ./Core/Src/fsm_traffic.o
 .debug_macro   0x000142cf      0x5bc ./Core/Src/fsm_traffic.o
 .debug_macro   0x0001488b      0x1b7 ./Core/Src/fsm_traffic.o
 .debug_macro   0x00014a42      0x1cb ./Core/Src/fsm_traffic.o
 .debug_macro   0x00014c0d      0x114 ./Core/Src/fsm_traffic.o
 .debug_macro   0x00014d21      0x1b2 ./Core/Src/fsm_traffic.o
 .debug_macro   0x00014ed3       0x27 ./Core/Src/fsm_traffic.o
 .debug_macro   0x00014efa      0x12f ./Core/Src/fsm_traffic.o
 .debug_macro   0x00015029      0x1bc ./Core/Src/fsm_traffic.o
 .debug_macro   0x000151e5       0x34 ./Core/Src/fsm_traffic.o
 .debug_macro   0x00015219       0x3c ./Core/Src/fsm_traffic.o
 .debug_macro   0x00015255       0x57 ./Core/Src/fsm_traffic.o
 .debug_macro   0x000152ac       0x87 ./Core/Src/fsm_traffic.o
 .debug_macro   0x00015333      0x183 ./Core/Src/fsm_traffic.o
 .debug_macro   0x000154b6      0x140 ./Core/Src/fsm_traffic.o
 .debug_macro   0x000155f6      0x8ed ./Core/Src/fsm_traffic.o
 .debug_macro   0x00015ee3       0x69 ./Core/Src/fsm_traffic.o
 .debug_macro   0x00015f4c      0x148 ./Core/Src/fsm_traffic.o
 .debug_macro   0x00016094       0x28 ./Core/Src/fsm_traffic.o
 .debug_macro   0x000160bc       0x34 ./Core/Src/fsm_traffic.o
 .debug_macro   0x000160f0       0x10 ./Core/Src/fsm_traffic.o
 .debug_macro   0x00016100      0x2b6 ./Core/Src/global.o
 .debug_macro   0x000163b6      0x2c4 ./Core/Src/input_processing.o
 .debug_macro   0x0001667a       0x8e ./Core/Src/input_processing.o
 .debug_macro   0x00016708       0x51 ./Core/Src/input_processing.o
 .debug_macro   0x00016759      0x190 ./Core/Src/input_processing.o
 .debug_macro   0x000168e9       0x5c ./Core/Src/input_processing.o
 .debug_macro   0x00016945       0x61 ./Core/Src/input_processing.o
 .debug_macro   0x000169a6       0x3c ./Core/Src/input_processing.o
 .debug_macro   0x000169e2      0x2ca ./Core/Src/input_reading.o
 .debug_macro   0x00016cac       0x22 ./Core/Src/input_reading.o
 .debug_macro   0x00016cce      0x2cc ./Core/Src/leds_display.o
 .debug_macro   0x00016f9a      0x2e6 ./Core/Src/main.o
 .debug_macro   0x00017280      0x2c4 ./Core/Src/software_timer.o
 .debug_macro   0x00017544      0x1a6 ./Core/Src/stm32f1xx_hal_msp.o
 .debug_macro   0x000176ea      0x1b0 ./Core/Src/stm32f1xx_it.o
 .debug_macro   0x0001789a      0x197 ./Core/Src/system_stm32f1xx.o
 .debug_macro   0x00017a31      0x1bb ./Drivers/STM32F1xx_HAL_Driver/Src/stm32f1xx_hal.o
 .debug_macro   0x00017bec      0x197 ./Drivers/STM32F1xx_HAL_Driver/Src/stm32f1xx_hal_cortex.o
 .debug_macro   0x00017d83      0x202 ./Drivers/STM32F1xx_HAL_Driver/Src/stm32f1xx_hal_gpio.o
 .debug_macro   0x00017f85      0x1a9 ./Drivers/STM32F1xx_HAL_Driver/Src/stm32f1xx_hal_rcc.o
 .debug_macro   0x0001812e      0x198 ./Drivers/STM32F1xx_HAL_Driver/Src/stm32f1xx_hal_tim.o
 .debug_macro   0x000182c6      0x197 ./Drivers/STM32F1xx_HAL_Driver/Src/stm32f1xx_hal_tim_ex.o

.debug_line     0x00000000     0xd376
 .debug_line    0x00000000      0x97c ./Core/Src/fsm_traffic.o
 .debug_line    0x0000097c      0x865 ./Core/Src/global.o
 .debug_line    0x000011e1      0xa1a ./Core/Src/input_processing.o
 .debug_line    0x00001bfb      0x93b ./Core/Src/input_reading.o
 .debug_line    0x00002536      0xa6d ./Core/Src/leds_display.o
 .debug_line    0x00002fa3      0xa12 ./Core/Src/main.o
 .debug_line    0x000039b5      0x99f ./Core/Src/software_timer.o
 .debug_line    0x00004354      0x720 ./Core/Src/stm32f1xx_hal_msp.o
 .debug_line    0x00004a74      0x7ab ./Core/Src/stm32f1xx_it.o
 .debug_line    0x0000521f      0x763 ./Core/Src/system_stm32f1xx.o
 .debug_line    0x00005982       0x78 ./Core/Startup/startup_stm32f103c6ux.o
 .debug_line    0x000059fa      0x994 ./Drivers/STM32F1xx_HAL_Driver/Src/stm32f1xx_hal.o
 .debug_line    0x0000638e      0xb5e ./Drivers/STM32F1xx_HAL_Driver/Src/stm32f1xx_hal_cortex.o
 .debug_line    0x00006eec      0x9dc ./Drivers/STM32F1xx_HAL_Driver/Src/stm32f1xx_hal_gpio.o
 .debug_line    0x000078c8      0xe4d ./Drivers/STM32F1xx_HAL_Driver/Src/stm32f1xx_hal_rcc.o
 .debug_line    0x00008715     0x3439 ./Drivers/STM32F1xx_HAL_Driver/Src/stm32f1xx_hal_tim.o
 .debug_line    0x0000bb4e     0x1828 ./Drivers/STM32F1xx_HAL_Driver/Src/stm32f1xx_hal_tim_ex.o

.debug_str      0x00000000    0x86869
 .debug_str     0x00000000    0x86869 ./Core/Src/fsm_traffic.o
                              0x83df2 (size before relaxing)
 .debug_str     0x00086869    0x83d50 ./Core/Src/global.o
 .debug_str     0x00086869    0x83e01 ./Core/Src/input_processing.o
 .debug_str     0x00086869    0x83e14 ./Core/Src/input_reading.o
 .debug_str     0x00086869    0x83e79 ./Core/Src/leds_display.o
 .debug_str     0x00086869    0x84698 ./Core/Src/main.o
 .debug_str     0x00086869    0x84279 ./Core/Src/software_timer.o
 .debug_str     0x00086869    0x8041d ./Core/Src/stm32f1xx_hal_msp.o
 .debug_str     0x00086869    0x80158 ./Core/Src/stm32f1xx_it.o
 .debug_str     0x00086869    0x7f7be ./Core/Src/system_stm32f1xx.o
 .debug_str     0x00086869       0x72 ./Core/Startup/startup_stm32f103c6ux.o
 .debug_str     0x00086869    0x7feb7 ./Drivers/STM32F1xx_HAL_Driver/Src/stm32f1xx_hal.o
 .debug_str     0x00086869    0x7fe03 ./Drivers/STM32F1xx_HAL_Driver/Src/stm32f1xx_hal_cortex.o
 .debug_str     0x00086869    0x7fb44 ./Drivers/STM32F1xx_HAL_Driver/Src/stm32f1xx_hal_gpio.o
 .debug_str     0x00086869    0x7fbed ./Drivers/STM32F1xx_HAL_Driver/Src/stm32f1xx_hal_rcc.o
 .debug_str     0x00086869    0x80bef ./Drivers/STM32F1xx_HAL_Driver/Src/stm32f1xx_hal_tim.o
 .debug_str     0x00086869    0x803fb ./Drivers/STM32F1xx_HAL_Driver/Src/stm32f1xx_hal_tim_ex.o

.comment        0x00000000       0x43
 .comment       0x00000000       0x43 ./Core/Src/fsm_traffic.o
                                 0x44 (size before relaxing)
 .comment       0x00000043       0x44 ./Core/Src/global.o
 .comment       0x00000043       0x44 ./Core/Src/input_processing.o
 .comment       0x00000043       0x44 ./Core/Src/input_reading.o
 .comment       0x00000043       0x44 ./Core/Src/leds_display.o
 .comment       0x00000043       0x44 ./Core/Src/main.o
 .comment       0x00000043       0x44 ./Core/Src/software_timer.o
 .comment       0x00000043       0x44 ./Core/Src/stm32f1xx_hal_msp.o
 .comment       0x00000043       0x44 ./Core/Src/stm32f1xx_it.o
 .comment       0x00000043       0x44 ./Core/Src/system_stm32f1xx.o
 .comment       0x00000043       0x44 ./Drivers/STM32F1xx_HAL_Driver/Src/stm32f1xx_hal.o
 .comment       0x00000043       0x44 ./Drivers/STM32F1xx_HAL_Driver/Src/stm32f1xx_hal_cortex.o
 .comment       0x00000043       0x44 ./Drivers/STM32F1xx_HAL_Driver/Src/stm32f1xx_hal_gpio.o
 .comment       0x00000043       0x44 ./Drivers/STM32F1xx_HAL_Driver/Src/stm32f1xx_hal_rcc.o
 .comment       0x00000043       0x44 ./Drivers/STM32F1xx_HAL_Driver/Src/stm32f1xx_hal_tim.o
 .comment       0x00000043       0x44 ./Drivers/STM32F1xx_HAL_Driver/Src/stm32f1xx_hal_tim_ex.o

.debug_frame    0x00000000     0x2a1c
 .debug_frame   0x00000000       0x34 ./Core/Src/fsm_traffic.o
 .debug_frame   0x00000034       0x78 ./Core/Src/input_processing.o
 .debug_frame   0x000000ac       0x84 ./Core/Src/input_reading.o
 .debug_frame   0x00000130      0x160 ./Core/Src/leds_display.o
 .debug_frame   0x00000290       0xb0 ./Core/Src/main.o
 .debug_frame   0x00000340      0x11c ./Core/Src/software_timer.o
 .debug_frame   0x0000045c       0x80 ./Core/Src/stm32f1xx_hal_msp.o
 .debug_frame   0x000004dc      0x120 ./Core/Src/stm32f1xx_it.o
 .debug_frame   0x000005fc       0x58 ./Core/Src/system_stm32f1xx.o
 .debug_frame   0x00000654      0x334 ./Drivers/STM32F1xx_HAL_Driver/Src/stm32f1xx_hal.o
 .debug_frame   0x00000988      0x428 ./Drivers/STM32F1xx_HAL_Driver/Src/stm32f1xx_hal_cortex.o
 .debug_frame   0x00000db0      0x14c ./Drivers/STM32F1xx_HAL_Driver/Src/stm32f1xx_hal_gpio.o
 .debug_frame   0x00000efc      0x218 ./Drivers/STM32F1xx_HAL_Driver/Src/stm32f1xx_hal_rcc.o
 .debug_frame   0x00001114     0x11b4 ./Drivers/STM32F1xx_HAL_Driver/Src/stm32f1xx_hal_tim.o
 .debug_frame   0x000022c8      0x638 ./Drivers/STM32F1xx_HAL_Driver/Src/stm32f1xx_hal_tim_ex.o
 .debug_frame   0x00002900       0x20 C:/ST/STM32CubeIDE_1.19.0/STM32CubeIDE/plugins/com.st.stm32cube.ide.mcu.externaltools.gnu-tools-for-stm32.13.3.rel1.win32_1.0.0.202411081344/tools/bin/../lib/gcc/arm-none-eabi/13.3.1/../../../../arm-none-eabi/lib/thumb/v7-m/nofp\libc_nano.a(libc_a-memset.o)
 .debug_frame   0x00002920       0x2c C:/ST/STM32CubeIDE_1.19.0/STM32CubeIDE/plugins/com.st.stm32cube.ide.mcu.externaltools.gnu-tools-for-stm32.13.3.rel1.win32_1.0.0.202411081344/tools/bin/../lib/gcc/arm-none-eabi/13.3.1/../../../../arm-none-eabi/lib/thumb/v7-m/nofp\libc_nano.a(libc_a-init.o)
 .debug_frame   0x0000294c       0xac C:/ST/STM32CubeIDE_1.19.0/STM32CubeIDE/plugins/com.st.stm32cube.ide.mcu.externaltools.gnu-tools-for-stm32.13.3.rel1.win32_1.0.0.202411081344/tools/bin/../lib/gcc/arm-none-eabi/13.3.1/thumb/v7-m/nofp\libgcc.a(_arm_addsubdf3.o)
 .debug_frame   0x000029f8       0x24 C:/ST/STM32CubeIDE_1.19.0/STM32CubeIDE/plugins/com.st.stm32cube.ide.mcu.externaltools.gnu-tools-for-stm32.13.3.rel1.win32_1.0.0.202411081344/tools/bin/../lib/gcc/arm-none-eabi/13.3.1/thumb/v7-m/nofp\libgcc.a(_arm_fixdfsi.o)

.debug_line_str
                0x00000000       0x56
 .debug_line_str
                0x00000000       0x56 ./Core/Startup/startup_stm32f103c6ux.o
