Archive member included to satisfy reference by file (symbol)

C:/ST/STM32CubeIDE_1.19.0/STM32CubeIDE/plugins/com.st.stm32cube.ide.mcu.externaltools.gnu-tools-for-stm32.13.3.rel1.win32_1.0.0.202411081344/tools/bin/../lib/gcc/arm-none-eabi/13.3.1/../../../../arm-none-eabi/lib/thumb/v7-m/nofp\libc_nano.a(libc_a-exit.o)
                              C:/ST/STM32CubeIDE_1.19.0/STM32CubeIDE/plugins/com.st.stm32cube.ide.mcu.externaltools.gnu-tools-for-stm32.13.3.rel1.win32_1.0.0.202411081344/tools/bin/../lib/gcc/arm-none-eabi/13.3.1/../../../../arm-none-eabi/lib/thumb/v7-m/nofp/crt0.o (exit)
C:/ST/STM32CubeIDE_1.19.0/STM32CubeIDE/plugins/com.st.stm32cube.ide.mcu.externaltools.gnu-tools-for-stm32.13.3.rel1.win32_1.0.0.202411081344/tools/bin/../lib/gcc/arm-none-eabi/13.3.1/../../../../arm-none-eabi/lib/thumb/v7-m/nofp\libc_nano.a(libc_a-findfp.o)
                              C:/ST/STM32CubeIDE_1.19.0/STM32CubeIDE/plugins/com.st.stm32cube.ide.mcu.externaltools.gnu-tools-for-stm32.13.3.rel1.win32_1.0.0.202411081344/tools/bin/../lib/gcc/arm-none-eabi/13.3.1/../../../../arm-none-eabi/lib/thumb/v7-m/nofp\libc_nano.a(libc_a-exit.o) (__stdio_exit_handler)
C:/ST/STM32CubeIDE_1.19.0/STM32CubeIDE/plugins/com.st.stm32cube.ide.mcu.externaltools.gnu-tools-for-stm32.13.3.rel1.win32_1.0.0.202411081344/tools/bin/../lib/gcc/arm-none-eabi/13.3.1/../../../../arm-none-eabi/lib/thumb/v7-m/nofp\libc_nano.a(libc_a-fwalk.o)
                              C:/ST/STM32CubeIDE_1.19.0/STM32CubeIDE/plugins/com.st.stm32cube.ide.mcu.externaltools.gnu-tools-for-stm32.13.3.rel1.win32_1.0.0.202411081344/tools/bin/../lib/gcc/arm-none-eabi/13.3.1/../../../../arm-none-eabi/lib/thumb/v7-m/nofp\libc_nano.a(libc_a-findfp.o) (_fwalk_sglue)
C:/ST/STM32CubeIDE_1.19.0/STM32CubeIDE/plugins/com.st.stm32cube.ide.mcu.externaltools.gnu-tools-for-stm32.13.3.rel1.win32_1.0.0.202411081344/tools/bin/../lib/gcc/arm-none-eabi/13.3.1/../../../../arm-none-eabi/lib/thumb/v7-m/nofp\libc_nano.a(libc_a-stdio.o)
                              C:/ST/STM32CubeIDE_1.19.0/STM32CubeIDE/plugins/com.st.stm32cube.ide.mcu.externaltools.gnu-tools-for-stm32.13.3.rel1.win32_1.0.0.202411081344/tools/bin/../lib/gcc/arm-none-eabi/13.3.1/../../../../arm-none-eabi/lib/thumb/v7-m/nofp\libc_nano.a(libc_a-findfp.o) (__sread)
C:/ST/STM32CubeIDE_1.19.0/STM32CubeIDE/plugins/com.st.stm32cube.ide.mcu.externaltools.gnu-tools-for-stm32.13.3.rel1.win32_1.0.0.202411081344/tools/bin/../lib/gcc/arm-none-eabi/13.3.1/../../../../arm-none-eabi/lib/thumb/v7-m/nofp\libc_nano.a(libc_a-memset.o)
                              C:/ST/STM32CubeIDE_1.19.0/STM32CubeIDE/plugins/com.st.stm32cube.ide.mcu.externaltools.gnu-tools-for-stm32.13.3.rel1.win32_1.0.0.202411081344/tools/bin/../lib/gcc/arm-none-eabi/13.3.1/../../../../arm-none-eabi/lib/thumb/v7-m/nofp/crt0.o (memset)
C:/ST/STM32CubeIDE_1.19.0/STM32CubeIDE/plugins/com.st.stm32cube.ide.mcu.externaltools.gnu-tools-for-stm32.13.3.rel1.win32_1.0.0.202411081344/tools/bin/../lib/gcc/arm-none-eabi/13.3.1/../../../../arm-none-eabi/lib/thumb/v7-m/nofp\libc_nano.a(libc_a-closer.o)
                              C:/ST/STM32CubeIDE_1.19.0/STM32CubeIDE/plugins/com.st.stm32cube.ide.mcu.externaltools.gnu-tools-for-stm32.13.3.rel1.win32_1.0.0.202411081344/tools/bin/../lib/gcc/arm-none-eabi/13.3.1/../../../../arm-none-eabi/lib/thumb/v7-m/nofp\libc_nano.a(libc_a-stdio.o) (_close_r)
C:/ST/STM32CubeIDE_1.19.0/STM32CubeIDE/plugins/com.st.stm32cube.ide.mcu.externaltools.gnu-tools-for-stm32.13.3.rel1.win32_1.0.0.202411081344/tools/bin/../lib/gcc/arm-none-eabi/13.3.1/../../../../arm-none-eabi/lib/thumb/v7-m/nofp\libc_nano.a(libc_a-reent.o)
                              C:/ST/STM32CubeIDE_1.19.0/STM32CubeIDE/plugins/com.st.stm32cube.ide.mcu.externaltools.gnu-tools-for-stm32.13.3.rel1.win32_1.0.0.202411081344/tools/bin/../lib/gcc/arm-none-eabi/13.3.1/../../../../arm-none-eabi/lib/thumb/v7-m/nofp\libc_nano.a(libc_a-closer.o) (errno)
C:/ST/STM32CubeIDE_1.19.0/STM32CubeIDE/plugins/com.st.stm32cube.ide.mcu.externaltools.gnu-tools-for-stm32.13.3.rel1.win32_1.0.0.202411081344/tools/bin/../lib/gcc/arm-none-eabi/13.3.1/../../../../arm-none-eabi/lib/thumb/v7-m/nofp\libc_nano.a(libc_a-impure.o)
                              C:/ST/STM32CubeIDE_1.19.0/STM32CubeIDE/plugins/com.st.stm32cube.ide.mcu.externaltools.gnu-tools-for-stm32.13.3.rel1.win32_1.0.0.202411081344/tools/bin/../lib/gcc/arm-none-eabi/13.3.1/../../../../arm-none-eabi/lib/thumb/v7-m/nofp\libc_nano.a(libc_a-reent.o) (_impure_ptr)
C:/ST/STM32CubeIDE_1.19.0/STM32CubeIDE/plugins/com.st.stm32cube.ide.mcu.externaltools.gnu-tools-for-stm32.13.3.rel1.win32_1.0.0.202411081344/tools/bin/../lib/gcc/arm-none-eabi/13.3.1/../../../../arm-none-eabi/lib/thumb/v7-m/nofp\libc_nano.a(libc_a-lseekr.o)
[...]
Memory Configuration

Name             Origin             Length             Attributes
RAM              0x20000000         0x00002800         xrw
FLASH            0x08000000         0x00008000         xr
*default*        0x00000000         0xffffffff

Linker script and memory map

LOAD C:/ST/STM32CubeIDE_1.19.0/STM32CubeIDE/plugins/com.st.stm32cube.ide.mcu.externaltools.gnu-tools-for-stm32.13.3.rel1.win32_1.0.0.202411081344/tools/bin/../lib/gcc/arm-none-eabi/13.3.1/thumb/v7-m/nofp/crti.o
LOAD C:/ST/STM32CubeIDE_1.19.0/STM32CubeIDE/plugins/com.st.stm32cube.ide.mcu.externaltools.gnu-tools-for-stm32.13.3.rel1.win32_1.0.0.202411081344/tools/bin/../lib/gcc/arm-none-eabi/13.3.1/thumb/v7-m/nofp/crtbegin.o
LOAD C:/ST/STM32CubeIDE_1.19.0/STM32CubeIDE/plugins/com.st.stm32cube.ide.mcu.externaltools.gnu-tools-for-stm32.13.3.rel1.win32_1.0.0.202411081344/tools/bin/../lib/gcc/arm-none-eabi/13.3.1/../../../../arm-none-eabi/lib/thumb/v7-m/nofp/crt0.o
LOAD ./Core/Src/fsm_traffic.o
LOAD ./Core/Src/global.o
LOAD ./Core/Src/input_processing.o
LOAD ./Core/Src/input_reading.o
LOAD ./Core/Src/leds_display.o
LOAD ./Core/Src/main.o
LOAD ./Core/Src/software_timer.o
LOAD ./Core/Src/stm32f1xx_hal_msp.o
LOAD ./Core/Src/stm32f1xx_it.o
LOAD ./Core/Src/syscalls.o
LOAD ./Core/Src/sysmem.o
LOAD ./Core/Src/system_stm32f1xx.o
LOAD ./Core/Startup/startup_stm32f103c6ux.o
LOAD ./Drivers/STM32F1xx_HAL_Driver/Src/stm32f1xx_hal.o
LOAD ./Drivers/STM32F1xx_HAL_Driver/Src/stm32f1xx_hal_cortex.o
LOAD ./Drivers/STM32F1xx_HAL_Driver/Src/stm32f1xx_hal_dma.o
LOAD ./Drivers/STM32F1xx_HAL_Driver/Src/stm32f1xx_hal_exti.o
LOAD ./Drivers/STM32F1xx_HAL_Driver/Src/stm32f1xx_hal_flash.o
LOAD ./Drivers/STM32F1xx_HAL_Driver/Src/stm32f1xx_hal_flash_ex.o
LOAD ./Drivers/STM32F1xx_HAL_Driver/Src/stm32f1xx_hal_gpio.o
LOAD ./Drivers/STM32F1xx_HAL_Driver/Src/stm32f1xx_hal_gpio_ex.o
LOAD ./Drivers/STM32F1xx_HAL_Driver/Src/stm32f1xx_hal_pwr.o
LOAD ./Drivers/STM32F1xx_HAL_Driver/Src/stm32f1xx_hal_rcc.o
LOAD ./Drivers/STM32F1xx_HAL_Driver/Src/stm32f1xx_hal_rcc_ex.o
LOAD ./Drivers/STM32F1xx_HAL_Driver/Src/stm32f1xx_hal_tim.o
LOAD ./Drivers/STM32F1xx_HAL_Driver/Src/stm32f1xx_hal_tim_ex.o
START GROUP
LOAD C:/ST/STM32CubeIDE_1.19.0/STM32CubeIDE/plugins/com.st.stm32cube.ide.mcu.externaltools.gnu-tools-for-stm32.13.3.rel1.win32_1.0.0.202411081344/tools/bin/../lib/gcc/arm-none-eabi/13.3.1/../../../../arm-none-eabi/lib/thumb/v7-m/nofp\libc_nano.a
LOAD C:/ST/STM32CubeIDE_1.19.0/STM32CubeIDE/plugins/com.st.stm32cube.ide.mcu.externaltools.gnu-tools-for-stm32.13.3.rel1.win32_1.0.0.202411081344/tools/bin/../lib/gcc/arm-none-eabi/13.3.1/../../../../arm-none-eabi/lib/thumb/v7-m/nofp\libm.a
END GROUP
START GROUP
LOAD C:/ST/STM32CubeIDE_1.19.0/STM32CubeIDE/plugins/com.st.stm32cube.ide.mcu.externaltools.gnu-tools-for-stm32.13.3.rel1.win32_1.0.0.202411081344/tools/bin/../lib/gcc/arm-none-eabi/13.3.1/thumb/v7-m/nofp\libgcc.a
LOAD C:/ST/STM32CubeIDE_1.19.0/STM32CubeIDE/plugins/com.st.stm32cube.ide.mcu.externaltools.gnu-tools-for-stm32.13.3.rel1.win32_1.0.0.202411081344/tools/bin/../lib/gcc/arm-none-eabi/13.3.1/../../../../arm-none-eabi/lib/thumb/v7-m/nofp\libc_nano.a
END GROUP
START GROUP
LOAD C:/ST/STM32CubeIDE_1.19.0/STM32CubeIDE/plugins/com.st.stm32cube.ide.mcu.externaltools.gnu-tools-for-stm32.13.3.rel1.win32_1.0.0.202411081344/tools/bin/../lib/gcc/arm-none-eabi/13.3.1/thumb/v7-m/nofp\libgcc.a
LOAD C:/ST/STM32CubeIDE_1.19.0/STM32CubeIDE/plugins/com.st.stm32cube.ide.mcu.externaltools.gnu-tools-for-stm32.13.3.rel1.win32_1.0.0.202411081344/tools/bin/../lib/gcc/arm-none-eabi/13.3.1/../../../../arm-none-eabi/lib/thumb/v7-m/nofp\libc_nano.a
LOAD C:/ST/STM32CubeIDE_1.19.0/STM32CubeIDE/plugins/com.st.stm32cube.ide.mcu.externaltools.gnu-tools-for-stm32.13.3.rel1.win32_1.0.0.202411081344/tools/bin/../lib/gcc/arm-none-eabi/13.3.1/../../../../arm-none-eabi/lib/thumb/v7-m/nofp\libnosys.a
END GROUP
START GROUP
LOAD C:/ST/STM32CubeIDE_1.19.0/STM32CubeIDE/plugins/com.st.stm32cube.ide.mcu.externaltools.gnu-tools-for-stm32.13.3.rel1.win32_1.0.0.202411081344/tools/bin/../lib/gcc/arm-none-eabi/13.3.1/thumb/v7-m/nofp\libgcc.a
LOAD C:/ST/STM32CubeIDE_1.19.0/STM32CubeIDE/plugins/com.st.stm32cube.ide.mcu.externaltools.gnu-tools-for-stm32.13.3.rel1.win32_1.0.0.202411081344/tools/bin/../lib/gcc/arm-none-eabi/13.3.1/../../../../arm-none-eabi/lib/thumb/v7-m/nofp\libc_nano.a
LOAD C:/ST/STM32CubeIDE_1.19.0/STM32CubeIDE/plugins/com.st.stm32cube.ide.mcu.externaltools.gnu-tools-for-stm32.13.3.rel1.win32_1.0.0.202411081344/tools/bin/../lib/gcc/arm-none-eabi/13.3.1/../../../../arm-none-eabi/lib/thumb/v7-m/nofp\libnosys.a
END GROUP
LOAD C:/ST/STM32CubeIDE_1.19.0/STM32CubeIDE/plugins/com.st.stm32cube.ide.mcu.externaltools.gnu-tools-for-stm32.13.3.rel1.win32_1.0.0.202411081344/tools/bin/../lib/gcc/arm-none-eabi/13.3.1/thumb/v7-m/nofp/crtend.o
LOAD C:/ST/STM32CubeIDE_1.19.0/STM32CubeIDE/plugins/com.st.stm32cube.ide.mcu.externaltools.gnu-tools-for-stm32.13.3.rel1.win32_1.0.0.202411081344/tools/bin/../lib/gcc/arm-none-eabi/13.3.1/thumb/v7-m/nofp/crtn.o
                0x20002800                        _estack = (ORIGIN (RAM) + LENGTH (RAM))
                0x00000200                        _Min_Heap_Size = 0x200
                0x00000400                        _Min_Stack_Size = 0x400

.isr_vector     0x08000000      0x10c
                0x08000000                        . = ALIGN (0x4)
 *(.isr_vector)
 .isr_vector    0x08000000      0x10c ./Core/Startup/startup_stm32f103c6ux.o
                0x08000000                g_pfnVectors
                0x0800010c                        . = ALIGN (0x4)

.text           0x0800010c     0x2aec
                0x0800010c                        . = ALIGN (0x4)
 *(.text)
 .text          0x0800010c       0x40 C:/ST/STM32CubeIDE_1.19.0/STM32CubeIDE/plugins/com.st.stm32cube.ide.mcu.externaltools.gnu-tools-for-stm32.13.3.rel1.win32_1.0.0.202411081344/tools/bin/../lib/gcc/arm-none-eabi/13.3.1/thumb/v7-m/nofp/crtbegin.o
 .text          0x0800014c      0x378 C:/ST/STM32CubeIDE_1.19.0/STM32CubeIDE/plugins/com.st.stm32cube.ide.mcu.externaltools.gnu-tools-for-stm32.13.3.rel1.win32_1.0.0.202411081344/tools/bin/../lib/gcc/arm-none-eabi/13.3.1/thumb/v7-m/nofp\libgcc.a(_arm_addsubdf3.o)
                0x0800014c                __aeabi_drsub
                0x08000154                __aeabi_dsub
                0x08000154                __subdf3
                0x08000158                __aeabi_dadd
                0x08000158                __adddf3
                0x080003d0                __floatunsidf
                0x080003d0                __aeabi_ui2d
                0x080003f0                __floatsidf
                0x080003f0                __aeabi_i2d
                0x08000414                __aeabi_f2d
                0x08000414                __extendsfdf2
                0x08000458                __floatundidf
                0x08000458                __aeabi_ul2d
                0x08000468                __floatdidf
                0x08000468                __aeabi_l2d
 .text          0x080004c4       0x50 C:/ST/STM32CubeIDE_1.19.0/STM32CubeIDE/plugins/com.st.stm32cube.ide.mcu.externaltools.gnu-tools-for-stm32.13.3.rel1.win32_1.0.0.202411081344/tools/bin/../lib/gcc/arm-none-eabi/13.3.1/thumb/v7-m/nofp\libgcc.a(_arm_fixdfsi.o)
                0x080004c4                __aeabi_d2iz
                0x080004c4                __fixdfsi
 *(.text*)
 .text.fsm_traffic_run
                0x08000514      0x218 ./Core/Src/fsm_traffic.o
                0x08000514                fsm_traffic_run
 .text.fsm_for_input_processing
                0x0800072c      0x270 ./Core/Src/input_processing.o
                0x0800072c                fsm_for_input_processing
 .text.temp2main
                0x0800099c       0x2c ./Core/Src/input_processing.o
                0x0800099c                temp2main
 .text.main2temp
                0x080009c8       0x2c ./Core/Src/input_processing.o
                0x080009c8                main2temp
 .text.button_reading
                0x080009f4      0x138 ./Core/Src/input_reading.o
                0x080009f4                button_reading
 .text.is_button_pressed
                0x08000b2c       0x34 ./Core/Src/input_reading.o
                0x08000b2c                is_button_pressed
 .text.is_button_pressed_1s
                0x08000b60       0x34 ./Core/Src/input_reading.o
                0x08000b60                is_button_pressed_1s
 .text.updateModeToBuffer
                0x08000b94       0x48 ./Core/Src/leds_display.o
                0x08000b94                updateModeToBuffer
 .text.updateSetDuration
                0x08000bdc       0x48 ./Core/Src/leds_display.o
                0x08000bdc                updateSetDuration
 .text.updateDurToBuffer
                0x08000c24       0x78 ./Core/Src/leds_display.o
                0x08000c24                updateDurToBuffer
 .text.display7SEG1
                0x08000c9c       0x68 ./Core/Src/leds_display.o
                0x08000c9c                display7SEG1
 .text.display7SEG2
                0x08000d04       0x68 ./Core/Src/leds_display.o
                0x08000d04                display7SEG2
 .text.update7SEG1
                0x08000d6c       0x70 ./Core/Src/leds_display.o
                0x08000d6c                update7SEG1
 .text.update7SEG2
                0x08000ddc       0x70 ./Core/Src/leds_display.o
                0x08000ddc                update7SEG2
 .text.setTrafficLights
                0x08000e4c       0x74 ./Core/Src/leds_display.o
                0x08000e4c                setTrafficLights
 .text.clearTrafficLEDs
                0x08000ec0       0x40 ./Core/Src/leds_display.o
                0x08000ec0                clearTrafficLEDs
 .text.main     0x08000f00      0x148 ./Core/Src/main.o
                0x08000f00                main
 .text.SystemClock_Config
                0x08001048       0x76 ./Core/Src/main.o
                0x08001048                SystemClock_Config
 *fill*         0x080010be        0x2 
 .text.MX_TIM2_Init
                0x080010c0       0x98 ./Core/Src/main.o
 .text.MX_GPIO_Init
                0x08001158       0xc8 ./Core/Src/main.o
 .text.Error_Handler
                0x08001220        0xc ./Core/Src/main.o
                0x08001220                Error_Handler
 .text.setTimer0
                0x0800122c       0x38 ./Core/Src/software_timer.o
                0x0800122c                setTimer0
 .text.setTimer1
                0x08001264       0x38 ./Core/Src/software_timer.o
                0x08001264                setTimer1
 .text.setTimer2
                0x0800129c       0x38 ./Core/Src/software_timer.o
                0x0800129c                setTimer2
 .text.setTimer3
                0x080012d4       0x38 ./Core/Src/software_timer.o
                0x080012d4                setTimer3
 .text.setTimer4
                0x0800130c       0x38 ./Core/Src/software_timer.o
                0x0800130c                setTimer4
 .text.timerRun
                0x08001344       0xd4 ./Core/Src/software_timer.o
                0x08001344                timerRun
 .text.HAL_TIM_PeriodElapsedCallback
                0x08001418       0x22 ./Core/Src/software_timer.o
                0x08001418                HAL_TIM_PeriodElapsedCallback
 *fill*         0x0800143a        0x2 
 .text.HAL_MspInit
                0x0800143c       0x64 ./Core/Src/stm32f1xx_hal_msp.o
                0x0800143c                HAL_MspInit
 .text.HAL_TIM_Base_MspInit
                0x080014a0       0x48 ./Core/Src/stm32f1xx_hal_msp.o
                0x080014a0                HAL_TIM_Base_MspInit
 .text.NMI_Handler
                0x080014e8        0x8 ./Core/Src/stm32f1xx_it.o
                0x080014e8                NMI_Handler
 .text.HardFault_Handler
                0x080014f0        0x8 ./Core/Src/stm32f1xx_it.o
                0x080014f0                HardFault_Handler
 .text.MemManage_Handler
                0x080014f8        0x8 ./Core/Src/stm32f1xx_it.o
                0x080014f8                MemManage_Handler
 .text.BusFault_Handler
                0x08001500        0x8 ./Core/Src/stm32f1xx_it.o
                0x08001500                BusFault_Handler
 .text.UsageFault_Handler
                0x08001508        0x8 ./Core/Src/stm32f1xx_it.o
                0x08001508                UsageFault_Handler
 .text.SVC_Handler
                0x08001510        0xc ./Core/Src/stm32f1xx_it.o
                0x08001510                SVC_Handler
 .text.DebugMon_Handler
                0x0800151c        0xc ./Core/Src/stm32f1xx_it.o
                0x0800151c                DebugMon_Handler
 .text.PendSV_Handler
                0x08001528        0xc ./Core/Src/stm32f1xx_it.o
                0x08001528                PendSV_Handler
 .text.SysTick_Handler
                0x08001534        0xc ./Core/Src/stm32f1xx_it.o
                0x08001534                SysTick_Handler
 .text.TIM2_IRQHandler
                0x08001540       0x14 ./Core/Src/stm32f1xx_it.o
                0x08001540                TIM2_IRQHandler
 .text.SystemInit
                0x08001554        0xc ./Core/Src/system_stm32f1xx.o
                0x08001554                SystemInit
 .text.Reset_Handler
                0x08001560       0x48 ./Core/Startup/startup_stm32f103c6ux.o
                0x08001560                Reset_Handler
 .text.Default_Handler
                0x080015a8        0x2 ./Core/Startup/startup_stm32f103c6ux.o
                0x080015a8                RTC_Alarm_IRQHandler
                0x080015a8                EXTI2_IRQHandler
                0x080015a8                TIM1_CC_IRQHandler
                0x080015a8                PVD_IRQHandler
                0x080015a8                EXTI3_IRQHandler
                0x080015a8                EXTI0_IRQHandler
                0x080015a8                ADC1_2_IRQHandler
                0x080015a8                SPI1_IRQHandler
                0x080015a8                TAMPER_IRQHandler
                0x080015a8                DMA1_Channel4_IRQHandler
                0x080015a8                RTC_IRQHandler
                0x080015a8                DMA1_Channel7_IRQHandler
                0x080015a8                CAN1_RX1_IRQHandler
                0x080015a8                I2C1_EV_IRQHandler
                0x080015a8                DMA1_Channel6_IRQHandler
                0x080015a8                TIM3_IRQHandler
                0x080015a8                RCC_IRQHandler
                0x080015a8                TIM1_TRG_COM_IRQHandler
                0x080015a8                DMA1_Channel1_IRQHandler
                0x080015a8                Default_Handler
                0x080015a8                EXTI15_10_IRQHandler
                0x080015a8                EXTI9_5_IRQHandler
                0x080015a8                DMA1_Channel5_IRQHandler
                0x080015a8                EXTI4_IRQHandler
                0x080015a8                USB_LP_CAN1_RX0_IRQHandler
                0x080015a8                USB_HP_CAN1_TX_IRQHandler
                0x080015a8                DMA1_Channel3_IRQHandler
                0x080015a8                TIM1_UP_IRQHandler
                0x080015a8                WWDG_IRQHandler
                0x080015a8                TIM1_BRK_IRQHandler
                0x080015a8                EXTI1_IRQHandler
                0x080015a8                USART2_IRQHandler
                0x080015a8                DMA1_Channel2_IRQHandler
                0x080015a8                CAN1_SCE_IRQHandler
                0x080015a8                FLASH_IRQHandler
                0x080015a8                USART1_IRQHandler
                0x080015a8                I2C1_ER_IRQHandler
                0x080015a8                USBWakeUp_IRQHandler
 *fill*         0x080015aa        0x2 
 .text.HAL_Init
                0x080015ac       0x2c ./Drivers/STM32F1xx_HAL_Driver/Src/stm32f1xx_hal.o
                0x080015ac                HAL_Init
 .text.HAL_InitTick
                0x080015d8       0x60 ./Drivers/STM32F1xx_HAL_Driver/Src/stm32f1xx_hal.o
                0x080015d8                HAL_InitTick
 .text.HAL_IncTick
                0x08001638       0x24 ./Drivers/STM32F1xx_HAL_Driver/Src/stm32f1xx_hal.o
                0x08001638                HAL_IncTick
 .text.HAL_GetTick
                0x0800165c       0x14 ./Drivers/STM32F1xx_HAL_Driver/Src/stm32f1xx_hal.o
                0x0800165c                HAL_GetTick
 .text.__NVIC_SetPriorityGrouping
                0x08001670       0x48 ./Drivers/STM32F1xx_HAL_Driver/Src/stm32f1xx_hal_cortex.o
 .text.__NVIC_GetPriorityGrouping
                0x080016b8       0x1c ./Drivers/STM32F1xx_HAL_Driver/Src/stm32f1xx_hal_cortex.o
 .text.__NVIC_EnableIRQ
                0x080016d4       0x38 ./Drivers/STM32F1xx_HAL_Driver/Src/stm32f1xx_hal_cortex.o
 .text.__NVIC_SetPriority
                0x0800170c       0x54 ./Drivers/STM32F1xx_HAL_Driver/Src/stm32f1xx_hal_cortex.o
 .text.NVIC_EncodePriority
                0x08001760       0x64 ./Drivers/STM32F1xx_HAL_Driver/Src/stm32f1xx_hal_cortex.o
 .text.SysTick_Config
                0x080017c4       0x44 ./Drivers/STM32F1xx_HAL_Driver/Src/stm32f1xx_hal_cortex.o
 .text.HAL_NVIC_SetPriorityGrouping
                0x08001808       0x16 ./Drivers/STM32F1xx_HAL_Driver/Src/stm32f1xx_hal_cortex.o
                0x08001808                HAL_NVIC_SetPriorityGrouping
 .text.HAL_NVIC_SetPriority
                0x0800181e       0x38 ./Drivers/STM32F1xx_HAL_Driver/Src/stm32f1xx_hal_cortex.o
                0x0800181e                HAL_NVIC_SetPriority
 .text.HAL_NVIC_EnableIRQ
                0x08001856       0x1c ./Drivers/STM32F1xx_HAL_Driver/Src/stm32f1xx_hal_cortex.o
                0x08001856                HAL_NVIC_EnableIRQ
 .text.HAL_SYSTICK_Config
                0x08001872       0x18 ./Drivers/STM32F1xx_HAL_Driver/Src/stm32f1xx_hal_cortex.o
                0x08001872                HAL_SYSTICK_Config
 *fill*         0x0800188a        0x2 
 .text.HAL_GPIO_Init
                0x0800188c      0x2f8 ./Drivers/STM32F1xx_HAL_Driver/Src/stm32f1xx_hal_gpio.o
                0x0800188c                HAL_GPIO_Init
 .text.HAL_GPIO_ReadPin
                0x08001b84       0x2e ./Drivers/STM32F1xx_HAL_Driver/Src/stm32f1xx_hal_gpio.o
                0x08001b84                HAL_GPIO_ReadPin
 .text.HAL_GPIO_WritePin
                0x08001bb2       0x30 ./Drivers/STM32F1xx_HAL_Driver/Src/stm32f1xx_hal_gpio.o
                0x08001bb2                HAL_GPIO_WritePin
 .text.HAL_GPIO_TogglePin
                0x08001be2       0x32 ./Drivers/STM32F1xx_HAL_Driver/Src/stm32f1xx_hal_gpio.o
                0x08001be2                HAL_GPIO_TogglePin
 .text.HAL_RCC_OscConfig
                0x08001c14      0x504 ./Drivers/STM32F1xx_HAL_Driver/Src/stm32f1xx_hal_rcc.o
                0x08001c14                HAL_RCC_OscConfig
 .text.HAL_RCC_ClockConfig
                0x08002118      0x1d4 ./Drivers/STM32F1xx_HAL_Driver/Src/stm32f1xx_hal_rcc.o
                0x08002118                HAL_RCC_ClockConfig
 .text.HAL_RCC_GetSysClockFreq
                0x080022ec       0xa8 ./Drivers/STM32F1xx_HAL_Driver/Src/stm32f1xx_hal_rcc.o
                0x080022ec                HAL_RCC_GetSysClockFreq
 .text.RCC_Delay
                0x08002394       0x3c ./Drivers/STM32F1xx_HAL_Driver/Src/stm32f1xx_hal_rcc.o
 .text.HAL_TIM_Base_Init
                0x080023d0       0x9e ./Drivers/STM32F1xx_HAL_Driver/Src/stm32f1xx_hal_tim.o
                0x080023d0                HAL_TIM_Base_Init
 *fill*         0x0800246e        0x2 
 .text.HAL_TIM_Base_Start_IT
                0x08002470       0x98 ./Drivers/STM32F1xx_HAL_Driver/Src/stm32f1xx_hal_tim.o
                0x08002470                HAL_TIM_Base_Start_IT
 .text.HAL_TIM_IRQHandler
                0x08002508      0x1e0 ./Drivers/STM32F1xx_HAL_Driver/Src/stm32f1xx_hal_tim.o
                0x08002508                HAL_TIM_IRQHandler
 .text.HAL_TIM_ConfigClockSource
                0x080026e8      0x18e ./Drivers/STM32F1xx_HAL_Driver/Src/stm32f1xx_hal_tim.o
                0x080026e8                HAL_TIM_ConfigClockSource
 .text.HAL_TIM_OC_DelayElapsedCallback
                0x08002876       0x12 ./Drivers/STM32F1xx_HAL_Driver/Src/stm32f1xx_hal_tim.o
                0x08002876                HAL_TIM_OC_DelayElapsedCallback
 .text.HAL_TIM_IC_CaptureCallback
                0x08002888       0x12 ./Drivers/STM32F1xx_HAL_Driver/Src/stm32f1xx_hal_tim.o
                0x08002888                HAL_TIM_IC_CaptureCallback
 .text.HAL_TIM_PWM_PulseFinishedCallback
                0x0800289a       0x12 ./Drivers/STM32F1xx_HAL_Driver/Src/stm32f1xx_hal_tim.o
                0x0800289a                HAL_TIM_PWM_PulseFinishedCallback
 .text.HAL_TIM_TriggerCallback
                0x080028ac       0x12 ./Drivers/STM32F1xx_HAL_Driver/Src/stm32f1xx_hal_tim.o
                0x080028ac                HAL_TIM_TriggerCallback
 *fill*         0x080028be        0x2 
 .text.TIM_Base_SetConfig
                0x080028c0       0xc8 ./Drivers/STM32F1xx_HAL_Driver/Src/stm32f1xx_hal_tim.o
                0x080028c0                TIM_Base_SetConfig
 .text.TIM_TI1_ConfigInputStage
                0x08002988       0x5c ./Drivers/STM32F1xx_HAL_Driver/Src/stm32f1xx_hal_tim.o
 .text.TIM_TI2_ConfigInputStage
                0x080029e4       0x5e ./Drivers/STM32F1xx_HAL_Driver/Src/stm32f1xx_hal_tim.o
 .text.TIM_ITRx_SetConfig
                0x08002a42       0x34 ./Drivers/STM32F1xx_HAL_Driver/Src/stm32f1xx_hal_tim.o
 .text.TIM_ETR_SetConfig
                0x08002a76       0x3e ./Drivers/STM32F1xx_HAL_Driver/Src/stm32f1xx_hal_tim.o
                0x08002a76                TIM_ETR_SetConfig
 .text.HAL_TIMEx_MasterConfigSynchronization
                0x08002ab4       0xb0 ./Drivers/STM32F1xx_HAL_Driver/Src/stm32f1xx_hal_tim_ex.o
                0x08002ab4                HAL_TIMEx_MasterConfigSynchronization
 .text.HAL_TIMEx_CommutCallback
                0x08002b64       0x12 ./Drivers/STM32F1xx_HAL_Driver/Src/stm32f1xx_hal_tim_ex.o
                0x08002b64                HAL_TIMEx_CommutCallback
 .text.HAL_TIMEx_BreakCallback
                0x08002b76       0x12 ./Drivers/STM32F1xx_HAL_Driver/Src/stm32f1xx_hal_tim_ex.o
                0x08002b76                HAL_TIMEx_BreakCallback
 .text.memset   0x08002b88       0x10 C:/ST/STM32CubeIDE_1.19.0/STM32CubeIDE/plugins/com.st.stm32cube.ide.mcu.externaltools.gnu-tools-for-stm32.13.3.rel1.win32_1.0.0.202411081344/tools/bin/../lib/gcc/arm-none-eabi/13.3.1/../../../../arm-none-eabi/lib/thumb/v7-m/nofp\libc_nano.a(libc_a-memset.o)
                0x08002b88                memset
 .text.__libc_init_array
                0x08002b98       0x48 C:/ST/STM32CubeIDE_1.19.0/STM32CubeIDE/plugins/com.st.stm32cube.ide.mcu.externaltools.gnu-tools-for-stm32.13.3.rel1.win32_1.0.0.202411081344/tools/bin/../lib/gcc/arm-none-eabi/13.3.1/../../../../arm-none-eabi/lib/thumb/v7-m/nofp\libc_nano.a(libc_a-init.o)
                0x08002b98                __libc_init_array
 *(.glue_7)
 .glue_7        0x08002be0        0x0 linker stubs
 *(.glue_7t)
 .glue_7t       0x08002be0        0x0 linker stubs
 *(.eh_frame)
 .eh_frame      0x08002be0        0x0 C:/ST/STM32CubeIDE_1.19.0/STM32CubeIDE/plugins/com.st.stm32cube.ide.mcu.externaltools.gnu-tools-for-stm32.13.3.rel1.win32_1.0.0.202411081344/tools/bin/../lib/gcc/arm-none-eabi/13.3.1/thumb/v7-m/nofp/crtbegin.o
 *(.init)
 .init          0x08002be0        0x4 C:/ST/STM32CubeIDE_1.19.0/STM32CubeIDE/plugins/com.st.stm32cube.ide.mcu.externaltools.gnu-tools-for-stm32.13.3.rel1.win32_1.0.0.202411081344/tools/bin/../lib/gcc/arm-none-eabi/13.3.1/thumb/v7-m/nofp/crti.o
                0x08002be0                _init
 .init          0x08002be4        0x8 C:/ST/STM32CubeIDE_1.19.0/STM32CubeIDE/plugins/com.st.stm32cube.ide.mcu.externaltools.gnu-tools-for-stm32.13.3.rel1.win32_1.0.0.202411081344/tools/bin/../lib/gcc/arm-none-eabi/13.3.1/thumb/v7-m/nofp/crtn.o
 *(.fini)
 .fini          0x08002bec        0x4 C:/ST/STM32CubeIDE_1.19.0/STM32CubeIDE/plugins/com.st.stm32cube.ide.mcu.externaltools.gnu-tools-for-stm32.13.3.rel1.win32_1.0.0.202411081344/tools/bin/../lib/gcc/arm-none-eabi/13.3.1/thumb/v7-m/nofp/crti.o
                0x08002bec                _fini
 .fini          0x08002bf0        0x8 C:/ST/STM32CubeIDE_1.19.0/STM32CubeIDE/plugins/com.st.stm32cube.ide.mcu.externaltools.gnu-tools-for-stm32.13.3.rel1.win32_1.0.0.202411081344/tools/bin/../lib/gcc/arm-none-eabi/13.3.1/thumb/v7-m/nofp/crtn.o
                0x08002bf8                        . = ALIGN (0x4)
                0x08002bf8                        _etext = .

.vfp11_veneer   0x08002bf8        0x0
 .vfp11_veneer  0x08002bf8        0x0 linker stubs

.v4_bx          0x08002bf8        0x0
 .v4_bx         0x08002bf8        0x0 linker stubs

.iplt           0x08002bf8        0x0
 .iplt          0x08002bf8        0x0 C:/ST/STM32CubeIDE_1.19.0/STM32CubeIDE/plugins/com.st.stm32cube.ide.mcu.externaltools.gnu-tools-for-stm32.13.3.rel1.win32_1.0.0.202411081344/tools/bin/../lib/gcc/arm-none-eabi/13.3.1/thumb/v7-m/nofp/crtbegin.o

.rodata         0x08002bf8       0x24
                0x08002bf8                        . = ALIGN (0x4)
 *(.rodata)
 *(.rodata*)
 .rodata.AHBPrescTable
                0x08002bf8       0x10 ./Core/Src/system_stm32f1xx.o
                0x08002bf8                AHBPrescTable
 .rodata.aPLLMULFactorTable.1
                0x08002c08       0x10 ./Drivers/STM32F1xx_HAL_Driver/Src/stm32f1xx_hal_rcc.o
 .rodata.aPredivFactorTable.0
                0x08002c18        0x2 ./Drivers/STM32F1xx_HAL_Driver/Src/stm32f1xx_hal_rcc.o
                0x08002c1c                        . = ALIGN (0x4)
 *fill*         0x08002c1a        0x2 

.ARM.extab      0x08002c1c        0x0
                0x08002c1c                        . = ALIGN (0x4)
 *(.ARM.extab* .gnu.linkonce.armextab.*)
                0x08002c1c                        . = ALIGN (0x4)

.ARM            0x08002c1c        0x0
                0x08002c1c                        . = ALIGN (0x4)
                0x08002c1c                        __exidx_start = .
 *(.ARM.exidx*)
                0x08002c1c                        __exidx_end = .
                0x08002c1c                        . = ALIGN (0x4)

.preinit_array  0x08002c1c        0x0
                0x08002c1c                        . = ALIGN (0x4)
                0x08002c1c                        PROVIDE (__preinit_array_start = .)
 *(.preinit_array*)
                0x08002c1c                        PROVIDE (__preinit_array_end = .)
                0x08002c1c                        . = ALIGN (0x4)

.init_array     0x08002c1c        0x4
                0x08002c1c                        . = ALIGN (0x4)
                0x08002c1c                        PROVIDE (__init_array_start = .)
 *(SORT_BY_NAME(.init_array.*))
 *(.init_array*)
 .init_array    0x08002c1c        0x4 C:/ST/STM32CubeIDE_1.19.0/STM32CubeIDE/plugins/com.st.stm32cube.ide.mcu.externaltools.gnu-tools-for-stm32.13.3.rel1.win32_1.0.0.202411081344/tools/bin/../lib/gcc/arm-none-eabi/13.3.1/thumb/v7-m/nofp/crtbegin.o
                0x08002c20                        PROVIDE (__init_array_end = .)
                0x08002c20                        . = ALIGN (0x4)

.fini_array     0x08002c20        0x4
                0x08002c20                        . = ALIGN (0x4)
                [!provide]                        PROVIDE (__fini_array_start = .)
 *(SORT_BY_NAME(.fini_array.*))
 *(.fini_array*)
 .fini_array    0x08002c20        0x4 C:/ST/STM32CubeIDE_1.19.0/STM32CubeIDE/plugins/com.st.stm32cube.ide.mcu.externaltools.gnu-tools-for-stm32.13.3.rel1.win32_1.0.0.202411081344/tools/bin/../lib/gcc/arm-none-eabi/13.3.1/thumb/v7-m/nofp/crtbegin.o
                [!provide]                        PROVIDE (__fini_array_end = .)
                0x08002c24                        . = ALIGN (0x4)
                0x08002c24                        _sidata = LOADADDR (.data)

.rel.dyn        0x08002c24        0x0
 .rel.iplt      0x08002c24        0x0 C:/ST/STM32CubeIDE_1.19.0/STM32CubeIDE/plugins/com.st.stm32cube.ide.mcu.externaltools.gnu-tools-for-stm32.13.3.rel1.win32_1.0.0.202411081344/tools/bin/../lib/gcc/arm-none-eabi/13.3.1/thumb/v7-m/nofp/crtbegin.o

.data           0x20000000       0xd4 load address 0x08002c24
                0x20000000                        . = ALIGN (0x4)
                0x20000000                        _sdata = .
 *(.data)
 *(.data*)
 .data.start_new_loop
                0x20000000        0x4 ./Core/Src/global.o
                0x20000000                start_new_loop
 .data.duration_buffer_temp
                0x20000004        0xc ./Core/Src/global.o
                0x20000004                duration_buffer_temp
 .data.duration_buffer_1
                0x20000010        0xc ./Core/Src/global.o
                0x20000010                duration_buffer_1
 .data.duration_buffer_2
                0x2000001c        0xc ./Core/Src/global.o
                0x2000001c                duration_buffer_2
 .data.buttonBuffer
                0x20000028        0x3 ./Core/Src/input_reading.o
 *fill*         0x2000002b        0x1 
 .data.debounceButtonBuffer1
                0x2000002c        0x3 ./Core/Src/input_reading.o
 *fill*         0x2000002f        0x1 
 .data.debounceButtonBuffer2
                0x20000030        0x3 ./Core/Src/input_reading.o
 *fill*         0x20000033        0x1 
 .data.BUTTON_Pins
                0x20000034        0xc ./Core/Src/input_reading.o
                0x20000034                BUTTON_Pins
 .data.segmentMap
                0x20000040       0x28 ./Core/Src/leds_display.o
                0x20000040                segmentMap
 .data.SEG_Pins_1
                0x20000068       0x1c ./Core/Src/leds_display.o
                0x20000068                SEG_Pins_1
 .data.SEG_Pins_2
                0x20000084       0x1c ./Core/Src/leds_display.o
                0x20000084                SEG_Pins_2
 .data.EN_Pins  0x200000a0       0x10 ./Core/Src/leds_display.o
                0x200000a0                EN_Pins
 .data.all_LEDs
                0x200000b0       0x18 ./Core/Src/leds_display.o
                0x200000b0                all_LEDs
 .data.SystemCoreClock
                0x200000c8        0x4 ./Core/Src/system_stm32f1xx.o
                0x200000c8                SystemCoreClock
 .data.uwTickPrio
                0x200000cc        0x4 ./Drivers/STM32F1xx_HAL_Driver/Src/stm32f1xx_hal.o
                0x200000cc                uwTickPrio
 .data.uwTickFreq
                0x200000d0        0x1 ./Drivers/STM32F1xx_HAL_Driver/Src/stm32f1xx_hal.o
                0x200000d0                uwTickFreq
 *(.RamFunc)
 *(.RamFunc*)
                0x200000d4                        . = ALIGN (0x4)
 *fill*         0x200000d1        0x3 
                0x200000d4                        _edata = .

.igot.plt       0x200000d4        0x0 load address 0x08002cf8
 .igot.plt      0x200000d4        0x0 C:/ST/STM32CubeIDE_1.19.0/STM32CubeIDE/plugins/com.st.stm32cube.ide.mcu.externaltools.gnu-tools-for-stm32.13.3.rel1.win32_1.0.0.202411081344/tools/bin/../lib/gcc/arm-none-eabi/13.3.1/thumb/v7-m/nofp/crtbegin.o
                0x200000d4                        . = ALIGN (0x4)

.bss            0x200000d4       0xd0 load address 0x08002cf8
                0x200000d4                        _sbss = .
                0x200000d4                        __bss_start__ = _sbss
 *(.bss)
 .bss           0x200000d4       0x1c C:/ST/STM32CubeIDE_1.19.0/STM32CubeIDE/plugins/com.st.stm32cube.ide.mcu.externaltools.gnu-tools-for-stm32.13.3.rel1.win32_1.0.0.202411081344/tools/bin/../lib/gcc/arm-none-eabi/13.3.1/thumb/v7-m/nofp/crtbegin.o
 *(.bss*)
 .bss.systemMode
                0x200000f0        0x4 ./Core/Src/global.o
                0x200000f0                systemMode
 .bss.trafficState
                0x200000f4        0x4 ./Core/Src/global.o
                0x200000f4                trafficState
 .bss.countDownDur1
                0x200000f8        0x4 ./Core/Src/global.o
                0x200000f8                countDownDur1
 .bss.countDownDur2
                0x200000fc        0x4 ./Core/Src/global.o
                0x200000fc                countDownDur2
 .bss.buttonState
                0x20000100        0x3 ./Core/Src/input_processing.o
                0x20000100                buttonState
 *fill*         0x20000103        0x1 
 .bss.flagForButtonPress1s
                0x20000104        0x3 ./Core/Src/input_reading.o
 *fill*         0x20000107        0x1 
 .bss.counterForButtonPress1s
                0x20000108        0x6 ./Core/Src/input_reading.o
 *fill*         0x2000010e        0x2 
 .bss.counterAfterLongPress
                0x20000110        0x6 ./Core/Src/input_reading.o
 *fill*         0x20000116        0x2 
 .bss.flagForLongPress
                0x20000118        0x3 ./Core/Src/input_reading.o
                0x20000118                flagForLongPress
 *fill*         0x2000011b        0x1 
 .bss.index_led
                0x2000011c        0x4 ./Core/Src/leds_display.o
                0x2000011c                index_led
 .bss.led_buffer
                0x20000120       0x10 ./Core/Src/leds_display.o
                0x20000120                led_buffer
 .bss.htim2     0x20000130       0x48 ./Core/Src/main.o
                0x20000130                htim2
 .bss.timer0_flag
                0x20000178        0x4 ./Core/Src/software_timer.o
                0x20000178                timer0_flag
 .bss.timer1_flag
                0x2000017c        0x4 ./Core/Src/software_timer.o
                0x2000017c                timer1_flag
 .bss.timer2_flag
                0x20000180        0x4 ./Core/Src/software_timer.o
                0x20000180                timer2_flag
 .bss.timer3_flag
                0x20000184        0x4 ./Core/Src/software_timer.o
                0x20000184                timer3_flag
 .bss.timer4_flag
                0x20000188        0x4 ./Core/Src/software_timer.o
                0x20000188                timer4_flag
 .bss.timer0_counter
                0x2000018c        0x4 ./Core/Src/software_timer.o
                0x2000018c                timer0_counter
 .bss.timer1_counter
                0x20000190        0x4 ./Core/Src/software_timer.o
                0x20000190                timer1_counter
 .bss.timer2_counter
                0x20000194        0x4 ./Core/Src/software_timer.o
                0x20000194                timer2_counter
 .bss.timer3_counter
                0x20000198        0x4 ./Core/Src/software_timer.o
                0x20000198                timer3_counter
 .bss.timer4_counter
                0x2000019c        0x4 ./Core/Src/software_timer.o
                0x2000019c                timer4_counter
 .bss.uwTick    0x200001a0        0x4 ./Drivers/STM32F1xx_HAL_Driver/Src/stm32f1xx_hal.o
                0x200001a0                uwTick
 *(COMMON)
                0x200001a4                        . = ALIGN (0x4)
                0x200001a4                        _ebss = .
                0x200001a4                        __bss_end__ = _ebss

._user_heap_stack
                0x200001a4      0x604 load address 0x08002cf8
                0x200001a8                        . = ALIGN (0x8)
 *fill*         0x200001a4        0x4 
                [!provide]                        PROVIDE (end = .)
                0x200001a8                        PROVIDE (_end = .)
                0x200003a8                        . = (. + _Min_Heap_Size)
 *fill*         0x200001a8      0x200 
                0x200007a8                        . = (. + _Min_Stack_Size)
 *fill*         0x200003a8      0x400 
                0x200007a8                        . = ALIGN (0x8)

/DISCARD/
 libc.a(*)
 libm.a(*)
 libgcc.a(*)

.ARM.attributes
                0x00000000       0x29
 *(.ARM.attributes)
 .ARM.attributes
                0x00000000       0x1d C:/ST/STM32CubeIDE_1.19.0/STM32CubeIDE/plugins/com.st.stm32cube.ide.mcu.externaltools.gnu-tools-for-stm32.13.3.rel1.win32_1.0.0.202411081344/tools/bin/../lib/gcc/arm-none-eabi/13.3.1/thumb/v7-m/nofp/crti.o
 .ARM.attributes
                0x0000001d       0x2d C:/ST/STM32CubeIDE_1.19.0/STM32CubeIDE/plugins/com.st.stm32cube.ide.mcu.externaltools.gnu-tools-for-stm32.13.3.rel1.win32_1.0.0.202411081344/tools/bin/../lib/gcc/arm-none-eabi/13.3.1/thumb/v7-m/nofp/crtbegin.o
 .ARM.attributes
                0x0000004a       0x2d ./Core/Src/fsm_traffic.o
 .ARM.attributes
                0x00000077       0x2d ./Core/Src/global.o
 .ARM.attributes
                0x000000a4       0x2d ./Core/Src/input_processing.o
 .ARM.attributes
                0x000000d1       0x2d ./Core/Src/input_reading.o
 .ARM.attributes
                0x000000fe       0x2d ./Core/Src/leds_display.o
 .ARM.attributes
                0x0000012b       0x2d ./Core/Src/main.o
 .ARM.attributes
                0x00000158       0x2d ./Core/Src/software_timer.o
 .ARM.attributes
                0x00000185       0x2d ./Core/Src/stm32f1xx_hal_msp.o
 .ARM.attributes
                0x000001b2       0x2d ./Core/Src/stm32f1xx_it.o
 .ARM.attributes
                0x000001df       0x2d ./Core/Src/system_stm32f1xx.o
 .ARM.attributes
                0x0000020c       0x21 ./Core/Startup/startup_stm32f103c6ux.o
 .ARM.attributes
                0x0000022d       0x2d ./Drivers/STM32F1xx_HAL_Driver/Src/stm32f1xx_hal.o
 .ARM.attributes
                0x0000025a       0x2d ./Drivers/STM32F1xx_HAL_Driver/Src/stm32f1xx_hal_cortex.o
 .ARM.attributes
                0x00000287       0x2d ./Drivers/STM32F1xx_HAL_Driver/Src/stm32f1xx_hal_gpio.o
 .ARM.attributes
                0x000002b4       0x2d ./Drivers/STM32F1xx_HAL_Driver/Src/stm32f1xx_hal_rcc.o
 .ARM.attributes
                0x000002e1       0x2d ./Drivers/STM32F1xx_HAL_Driver/Src/stm32f1xx_hal_tim.o
 .ARM.attributes
                0x0000030e       0x2d ./Drivers/STM32F1xx_HAL_Driver/Src/stm32f1xx_hal_tim_ex.o
 .ARM.attributes
                0x0000033b       0x2d C:/ST/STM32CubeIDE_1.19.0/STM32CubeIDE/plugins/com.st.stm32cube.ide.mcu.externaltools.gnu-tools-for-stm32.13.3.rel1.win32_1.0.0.202411081344/tools/bin/../lib/gcc/arm-none-eabi/13.3.1/../../../../arm-none-eabi/lib/thumb/v7-m/nofp\libc_nano.a(libc_a-memset.o)
 .ARM.attributes
                0x00000368       0x2d C:/ST/STM32CubeIDE_1.19.0/STM32CubeIDE/plugins/com.st.stm32cube.ide.mcu.externaltools.gnu-tools-for-stm32.13.3.rel1.win32_1.0.0.202411081344/tools/bin/../lib/gcc/arm-none-eabi/13.3.1/../../../../arm-none-eabi/lib/thumb/v7-m/nofp\libc_nano.a(libc_a-init.o)
 .ARM.attributes
                0x00000395       0x1d C:/ST/STM32CubeIDE_1.19.0/STM32CubeIDE/plugins/com.st.stm32cube.ide.mcu.externaltools.gnu-tools-for-stm32.13.3.rel1.win32_1.0.0.202411081344/tools/bin/../lib/gcc/arm-none-eabi/13.3.1/thumb/v7-m/nofp\libgcc.a(_arm_addsubdf3.o)
 .ARM.attributes
                0x000003b2       0x1d C:/ST/STM32CubeIDE_1.19.0/STM32CubeIDE/plugins/com.st.stm32cube.ide.mcu.externaltools.gnu-tools-for-stm32.13.3.rel1.win32_1.0.0.202411081344/tools/bin/../lib/gcc/arm-none-eabi/13.3.1/thumb/v7-m/nofp\libgcc.a(_arm_fixdfsi.o)
 .ARM.attributes
                0x000003cf       0x1d C:/ST/STM32CubeIDE_1.19.0/STM32CubeIDE/plugins/com.st.stm32cube.ide.mcu.externaltools.gnu-tools-for-stm32.13.3.rel1.win32_1.0.0.202411081344/tools/bin/../lib/gcc/arm-none-eabi/13.3.1/thumb/v7-m/nofp/crtn.o
OUTPUT(Lab 3.elf elf32-littlearm)
LOAD linker stubs
LOAD C:/ST/STM32CubeIDE_1.19.0/STM32CubeIDE/plugins/com.st.stm32cube.ide.mcu.externaltools.gnu-tools-for-stm32.13.3.rel1.win32_1.0.0.202411081344/tools/bin/../lib/gcc/arm-none-eabi/13.3.1/../../../../arm-none-eabi/lib/thumb/v7-m/nofp\libc.a
LOAD C:/ST/STM32CubeIDE_1.19.0/STM32CubeIDE/plugins/com.st.stm32cube.ide.mcu.externaltools.gnu-tools-for-stm32.13.3.rel1.win32_1.0.0.202411081344/tools/bin/../lib/gcc/arm-none-eabi/13.3.1/../../../../arm-none-eabi/lib/thumb/v7-m/nofp\libm.a
LOAD C:/ST/STM32CubeIDE_1.19.0/STM32CubeIDE/plugins/com.st.stm32cube.ide.mcu.externaltools.gnu-tools-for-stm32.13.3.rel1.win32_1.0.0.202411081344/tools/bin/../lib/gcc/arm-none-eabi/13.3.1/thumb/v7-m/nofp\libgcc.a

.debug_info     0x00000000     0x8fcd
 .debug_info    0x00000000      0x265 ./Core/Src/fsm_traffic.o
 .debug_info    0x00000265      0x15b ./Core/Src/global.o
 .debug_info    0x000003c0      0x1d1 ./Core/Src/input_processing.o
 .debug_info    0x00000591      0x2d8 ./Core/Src/input_reading.o
 .debug_info    0x00000869      0x44a ./Core/Src/leds_display.o
 .debug_info    0x00000cb3      0xc94 ./Core/Src/main.o
 .debug_info    0x00001947      0x7b6 ./Core/Src/software_timer.o
 .debug_info    0x000020fd      0x91a ./Core/Src/stm32f1xx_hal_msp.o
 .debug_info    0x00002a17      0x6a1 ./Core/Src/stm32f1xx_it.o
 .debug_info    0x000030b8      0x222 ./Core/Src/system_stm32f1xx.o
 .debug_info    0x000032da       0x30 ./Core/Startup/startup_stm32f103c6ux.o
 .debug_info    0x0000330a      0x6e6 ./Drivers/STM32F1xx_HAL_Driver/Src/stm32f1xx_hal.o
 .debug_info    0x000039f0      0xa69 ./Drivers/STM32F1xx_HAL_Driver/Src/stm32f1xx_hal_cortex.o
 .debug_info    0x00004459      0x5ab ./Drivers/STM32F1xx_HAL_Driver/Src/stm32f1xx_hal_gpio.o
 .debug_info    0x00004a04      0x7d5 ./Drivers/STM32F1xx_HAL_Driver/Src/stm32f1xx_hal_rcc.o
 .debug_info    0x000051d9     0x2959 ./Drivers/STM32F1xx_HAL_Driver/Src/stm32f1xx_hal_tim.o
 .debug_info    0x00007b32     0x149b ./Drivers/STM32F1xx_HAL_Driver/Src/stm32f1xx_hal_tim_ex.o

.debug_abbrev   0x00000000     0x1d59
 .debug_abbrev  0x00000000      0x129 ./Core/Src/fsm_traffic.o
 .debug_abbrev  0x00000129       0x60 ./Core/Src/global.o
 .debug_abbrev  0x00000189       0xfe ./Core/Src/input_processing.o
 .debug_abbrev  0x00000287      0x176 ./Core/Src/input_reading.o
 .debug_abbrev  0x000003fd      0x1e0 ./Core/Src/leds_display.o
 .debug_abbrev  0x000005dd      0x297 ./Core/Src/main.o
 .debug_abbrev  0x00000874      0x1d5 ./Core/Src/software_timer.o
 .debug_abbrev  0x00000a49      0x1ad ./Core/Src/stm32f1xx_hal_msp.o
 .debug_abbrev  0x00000bf6      0x191 ./Core/Src/stm32f1xx_it.o
 .debug_abbrev  0x00000d87      0x13f ./Core/Src/system_stm32f1xx.o
 .debug_abbrev  0x00000ec6       0x24 ./Core/Startup/startup_stm32f103c6ux.o
 .debug_abbrev  0x00000eea      0x201 ./Drivers/STM32F1xx_HAL_Driver/Src/stm32f1xx_hal.o
 .debug_abbrev  0x000010eb      0x2f8 ./Drivers/STM32F1xx_HAL_Driver/Src/stm32f1xx_hal_cortex.o
 .debug_abbrev  0x000013e3      0x1ca ./Drivers/STM32F1xx_HAL_Driver/Src/stm32f1xx_hal_gpio.o
 .debug_abbrev  0x000015ad      0x2b3 ./Drivers/STM32F1xx_HAL_Driver/Src/stm32f1xx_hal_rcc.o
 .debug_abbrev  0x00001860      0x277 ./Drivers/STM32F1xx_HAL_Driver/Src/stm32f1xx_hal_tim.o
 .debug_abbrev  0x00001ad7      0x282 ./Drivers/STM32F1xx_HAL_Driver/Src/stm32f1xx_hal_tim_ex.o

.debug_aranges  0x00000000      0xa70
 .debug_aranges
                0x00000000       0x20 ./Core/Src/fsm_traffic.o
 .debug_aranges
                0x00000020       0x18 ./Core/Src/global.o
 .debug_aranges
                0x00000038       0x30 ./Core/Src/input_processing.o
 .debug_aranges
                0x00000068       0x30 ./Core/Src/input_reading.o
 .debug_aranges
                0x00000098       0x60 ./Core/Src/leds_display.o
 .debug_aranges
                0x000000f8       0x40 ./Core/Src/main.o
 .debug_aranges
                0x00000138       0x50 ./Core/Src/software_timer.o
 .debug_aranges
                0x00000188       0x30 ./Core/Src/stm32f1xx_hal_msp.o
 .debug_aranges
                0x000001b8       0x68 ./Core/Src/stm32f1xx_it.o
 .debug_aranges
                0x00000220       0x28 ./Core/Src/system_stm32f1xx.o
 .debug_aranges
                0x00000248       0x28 ./Core/Startup/startup_stm32f103c6ux.o
 .debug_aranges
                0x00000270       0xe0 ./Drivers/STM32F1xx_HAL_Driver/Src/stm32f1xx_hal.o
 .debug_aranges
                0x00000350      0x100 ./Drivers/STM32F1xx_HAL_Driver/Src/stm32f1xx_hal_cortex.o
 .debug_aranges
                0x00000450       0x58 ./Drivers/STM32F1xx_HAL_Driver/Src/stm32f1xx_hal_gpio.o
 .debug_aranges
                0x000004a8       0x90 ./Drivers/STM32F1xx_HAL_Driver/Src/stm32f1xx_hal_rcc.o
 .debug_aranges
                0x00000538      0x3d0 ./Drivers/STM32F1xx_HAL_Driver/Src/stm32f1xx_hal_tim.o
 .debug_aranges
                0x00000908      0x168 ./Drivers/STM32F1xx_HAL_Driver/Src/stm32f1xx_hal_tim_ex.o

.debug_rnglists
                0x00000000      0x7e0
 .debug_rnglists
                0x00000000       0x14 ./Core/Src/fsm_traffic.o
 .debug_rnglists
                0x00000014       0x20 ./Core/Src/input_processing.o
 .debug_rnglists
                0x00000034       0x20 ./Core/Src/input_reading.o
 .debug_rnglists
                0x00000054       0x43 ./Core/Src/leds_display.o
 .debug_rnglists
                0x00000097       0x2e ./Core/Src/main.o
 .debug_rnglists
                0x000000c5       0x38 ./Core/Src/software_timer.o
 .debug_rnglists
                0x000000fd       0x1f ./Core/Src/stm32f1xx_hal_msp.o
 .debug_rnglists
                0x0000011c       0x49 ./Core/Src/stm32f1xx_it.o
 .debug_rnglists
                0x00000165       0x1a ./Core/Src/system_stm32f1xx.o
 .debug_rnglists
                0x0000017f       0x19 ./Core/Startup/startup_stm32f103c6ux.o
 .debug_rnglists
                0x00000198       0xa3 ./Drivers/STM32F1xx_HAL_Driver/Src/stm32f1xx_hal.o
 .debug_rnglists
                0x0000023b       0xbb ./Drivers/STM32F1xx_HAL_Driver/Src/stm32f1xx_hal_cortex.o
 .debug_rnglists
                0x000002f6       0x3f ./Drivers/STM32F1xx_HAL_Driver/Src/stm32f1xx_hal_gpio.o
 .debug_rnglists
                0x00000335       0x6c ./Drivers/STM32F1xx_HAL_Driver/Src/stm32f1xx_hal_rcc.o
 .debug_rnglists
                0x000003a1      0x31a ./Drivers/STM32F1xx_HAL_Driver/Src/stm32f1xx_hal_tim.o
 .debug_rnglists
                0x000006bb      0x125 ./Drivers/STM32F1xx_HAL_Driver/Src/stm32f1xx_hal_tim_ex.o

.debug_macro    0x00000000    0x18487
 .debug_macro   0x00000000      0x2d3 ./Core/Src/fsm_traffic.o
 .debug_macro   0x000002d3      0xacc ./Core/Src/fsm_traffic.o
 .debug_macro   0x00000d9f       0x22 ./Core/Src/fsm_traffic.o
 .debug_macro   0x00000dc1       0x5b ./Core/Src/fsm_traffic.o
 .debug_macro   0x00000e1c       0x24 ./Core/Src/fsm_traffic.o
 .debug_macro   0x00000e40       0x94 ./Core/Src/fsm_traffic.o
 .debug_macro   0x00000ed4       0x43 ./Core/Src/fsm_traffic.o
 .debug_macro   0x00000f17       0x34 ./Core/Src/fsm_traffic.o
 .debug_macro   0x00000f4b       0x16 ./Core/Src/fsm_traffic.o
 .debug_macro   0x00000f61       0x57 ./Core/Src/fsm_traffic.o
 .debug_macro   0x00000fb8       0x9e ./Core/Src/fsm_traffic.o
 .debug_macro   0x00001056      0x370 ./Core/Src/fsm_traffic.o
 .debug_macro   0x000013c6      0x112 ./Core/Src/fsm_traffic.o
 .debug_macro   0x000014d8       0x10 ./Core/Src/fsm_traffic.o
 .debug_macro   0x000014e8       0x16 ./Core/Src/fsm_traffic.o
 .debug_macro   0x000014fe       0x4a ./Core/Src/fsm_traffic.o
 .debug_macro   0x00001548       0x34 ./Core/Src/fsm_traffic.o
 .debug_macro   0x0000157c       0x10 ./Core/Src/fsm_traffic.o
 .debug_macro   0x0000158c       0x58 ./Core/Src/fsm_traffic.o
 .debug_macro   0x000015e4       0x8e ./Core/Src/fsm_traffic.o
 .debug_macro   0x00001672       0x1c ./Core/Src/fsm_traffic.o
 .debug_macro   0x0000168e      0x185 ./Core/Src/fsm_traffic.o
 .debug_macro   0x00001813       0x16 ./Core/Src/fsm_traffic.o
 .debug_macro   0x00001829       0x16 ./Core/Src/fsm_traffic.o
 .debug_macro   0x0000183f      0x146 ./Core/Src/fsm_traffic.o
 .debug_macro   0x00001985      0x19b ./Core/Src/fsm_traffic.o
 .debug_macro   0x00001b20       0x10 ./Core/Src/fsm_traffic.o
 .debug_macro   0x00001b30      0x215 ./Core/Src/fsm_traffic.o
 .debug_macro   0x00001d45       0x2e ./Core/Src/fsm_traffic.o
 .debug_macro   0x00001d73       0x22 ./Core/Src/fsm_traffic.o
 .debug_macro   0x00001d95      0x103 ./Core/Src/fsm_traffic.o
 .debug_macro   0x00001e98       0x6a ./Core/Src/fsm_traffic.o
 .debug_macro   0x00001f02      0x1df ./Core/Src/fsm_traffic.o
 .debug_macro   0x000020e1       0x1c ./Core/Src/fsm_traffic.o
 .debug_macro   0x000020fd       0x22 ./Core/Src/fsm_traffic.o
 .debug_macro   0x0000211f       0xbd ./Core/Src/fsm_traffic.o
 .debug_macro   0x000021dc      0xd23 ./Core/Src/fsm_traffic.o
 .debug_macro   0x00002eff     0xde75 ./Core/Src/fsm_traffic.o
 .debug_macro   0x00010d74       0x6d ./Core/Src/fsm_traffic.o
 .debug_macro   0x00010de1     0x34a2 ./Core/Src/fsm_traffic.o
 .debug_macro   0x00014283       0x56 ./Core/Src/fsm_traffic.o
 .debug_macro   0x000142d9      0x5bc ./Core/Src/fsm_traffic.o
 .debug_macro   0x00014895      0x1b7 ./Core/Src/fsm_traffic.o
 .debug_macro   0x00014a4c      0x1cb ./Core/Src/fsm_traffic.o
 .debug_macro   0x00014c17      0x114 ./Core/Src/fsm_traffic.o
 .debug_macro   0x00014d2b      0x1b2 ./Core/Src/fsm_traffic.o
 .debug_macro   0x00014edd       0x27 ./Core/Src/fsm_traffic.o
 .debug_macro   0x00014f04      0x12f ./Core/Src/fsm_traffic.o
 .debug_macro   0x00015033      0x1bc ./Core/Src/fsm_traffic.o
 .debug_macro   0x000151ef       0x34 ./Core/Src/fsm_traffic.o
 .debug_macro   0x00015223       0x3c ./Core/Src/fsm_traffic.o
 .debug_macro   0x0001525f       0x57 ./Core/Src/fsm_traffic.o
 .debug_macro   0x000152b6       0x87 ./Core/Src/fsm_traffic.o
 .debug_macro   0x0001533d      0x183 ./Core/Src/fsm_traffic.o
 .debug_macro   0x000154c0      0x140 ./Core/Src/fsm_traffic.o
 .debug_macro   0x00015600      0x8ed ./Core/Src/fsm_traffic.o
 .debug_macro   0x00015eed       0x69 ./Core/Src/fsm_traffic.o
 .debug_macro   0x00015f56      0x148 ./Core/Src/fsm_traffic.o
 .debug_macro   0x0001609e       0x22 ./Core/Src/fsm_traffic.o
 .debug_macro   0x000160c0       0x46 ./Core/Src/fsm_traffic.o
 .debug_macro   0x00016106       0x10 ./Core/Src/fsm_traffic.o
 .debug_macro   0x00016116      0x2c0 ./Core/Src/global.o
 .debug_macro   0x000163d6      0x2ce ./Core/Src/input_processing.o
 .debug_macro   0x000166a4       0x8e ./Core/Src/input_processing.o
 .debug_macro   0x00016732       0x51 ./Core/Src/input_processing.o
 .debug_macro   0x00016783      0x190 ./Core/Src/input_processing.o
 .debug_macro   0x00016913       0x5c ./Core/Src/input_processing.o
 .debug_macro   0x0001696f       0x61 ./Core/Src/input_processing.o
 .debug_macro   0x000169d0       0x3c ./Core/Src/input_processing.o
 .debug_macro   0x00016a0c      0x2ce ./Core/Src/input_reading.o
 .debug_macro   0x00016cda      0x2d6 ./Core/Src/leds_display.o
 .debug_macro   0x00016fb0      0x2f0 ./Core/Src/main.o
 .debug_macro   0x000172a0      0x2ce ./Core/Src/software_timer.o
 .debug_macro   0x0001756e      0x1a6 ./Core/Src/stm32f1xx_hal_msp.o
 .debug_macro   0x00017714      0x1b0 ./Core/Src/stm32f1xx_it.o
 .debug_macro   0x000178c4      0x197 ./Core/Src/system_stm32f1xx.o
 .debug_macro   0x00017a5b      0x1bb ./Drivers/STM32F1xx_HAL_Driver/Src/stm32f1xx_hal.o
 .debug_macro   0x00017c16      0x197 ./Drivers/STM32F1xx_HAL_Driver/Src/stm32f1xx_hal_cortex.o
 .debug_macro   0x00017dad      0x202 ./Drivers/STM32F1xx_HAL_Driver/Src/stm32f1xx_hal_gpio.o
 .debug_macro   0x00017faf      0x1a9 ./Drivers/STM32F1xx_HAL_Driver/Src/stm32f1xx_hal_rcc.o
 .debug_macro   0x00018158      0x198 ./Drivers/STM32F1xx_HAL_Driver/Src/stm32f1xx_hal_tim.o
 .debug_macro   0x000182f0      0x197 ./Drivers/STM32F1xx_HAL_Driver/Src/stm32f1xx_hal_tim_ex.o

.debug_line     0x00000000     0xd307
 .debug_line    0x00000000      0x970 ./Core/Src/fsm_traffic.o
 .debug_line    0x00000970      0x865 ./Core/Src/global.o
 .debug_line    0x000011d5      0x9fc ./Core/Src/input_processing.o
 .debug_line    0x00001bd1      0x93b ./Core/Src/input_reading.o
 .debug_line    0x0000250c      0xa2a ./Core/Src/leds_display.o
 .debug_line    0x00002f36      0xa10 ./Core/Src/main.o
 .debug_line    0x00003946      0x99f ./Core/Src/software_timer.o
 .debug_line    0x000042e5      0x720 ./Core/Src/stm32f1xx_hal_msp.o
 .debug_line    0x00004a05      0x7ab ./Core/Src/stm32f1xx_it.o
 .debug_line    0x000051b0      0x763 ./Core/Src/system_stm32f1xx.o
 .debug_line    0x00005913       0x78 ./Core/Startup/startup_stm32f103c6ux.o
 .debug_line    0x0000598b      0x994 ./Drivers/STM32F1xx_HAL_Driver/Src/stm32f1xx_hal.o
 .debug_line    0x0000631f      0xb5e ./Drivers/STM32F1xx_HAL_Driver/Src/stm32f1xx_hal_cortex.o
 .debug_line    0x00006e7d      0x9dc ./Drivers/STM32F1xx_HAL_Driver/Src/stm32f1xx_hal_gpio.o
 .debug_line    0x00007859      0xe4d ./Drivers/STM32F1xx_HAL_Driver/Src/stm32f1xx_hal_rcc.o
 .debug_line    0x000086a6     0x3439 ./Drivers/STM32F1xx_HAL_Driver/Src/stm32f1xx_hal_tim.o
 .debug_line    0x0000badf     0x1828 ./Drivers/STM32F1xx_HAL_Driver/Src/stm32f1xx_hal_tim_ex.o

.debug_str      0x00000000    0x86895
 .debug_str     0x00000000    0x86895 ./Core/Src/fsm_traffic.o
                              0x83e63 (size before relaxing)
 .debug_str     0x00086895    0x83d6e ./Core/Src/global.o
 .debug_str     0x00086895    0x83e2b ./Core/Src/input_processing.o
 .debug_str     0x00086895    0x83e4c ./Core/Src/input_reading.o
 .debug_str     0x00086895    0x83ebf ./Core/Src/leds_display.o
 .debug_str     0x00086895    0x846d0 ./Core/Src/main.o
 .debug_str     0x00086895    0x842b1 ./Core/Src/software_timer.o
 .debug_str     0x00086895    0x8041d ./Core/Src/stm32f1xx_hal_msp.o
 .debug_str     0x00086895    0x80158 ./Core/Src/stm32f1xx_it.o
 .debug_str     0x00086895    0x7f7be ./Core/Src/system_stm32f1xx.o
 .debug_str     0x00086895       0x72 ./Core/Startup/startup_stm32f103c6ux.o
 .debug_str     0x00086895    0x7feb7 ./Drivers/STM32F1xx_HAL_Driver/Src/stm32f1xx_hal.o
 .debug_str     0x00086895    0x7fe03 ./Drivers/STM32F1xx_HAL_Driver/Src/stm32f1xx_hal_cortex.o
 .debug_str     0x00086895    0x7fb44 ./Drivers/STM32F1xx_HAL_Driver/Src/stm32f1xx_hal_gpio.o
 .debug_str     0x00086895    0x7fbed ./Drivers/STM32F1xx_HAL_Driver/Src/stm32f1xx_hal_rcc.o
 .debug_str     0x00086895    0x80bef ./Drivers/STM32F1xx_HAL_Driver/Src/stm32f1xx_hal_tim.o
 .debug_str     0x00086895    0x803fb ./Drivers/STM32F1xx_HAL_Driver/Src/stm32f1xx_hal_tim_ex.o

.comment        0x00000000       0x43
 .comment       0x00000000       0x43 ./Core/Src/fsm_traffic.o
                                 0x44 (size before relaxing)
 .comment       0x00000043       0x44 ./Core/Src/global.o
 .comment       0x00000043       0x44 ./Core/Src/input_processing.o
 .comment       0x00000043       0x44 ./Core/Src/input_reading.o
 .comment       0x00000043       0x44 ./Core/Src/leds_display.o
 .comment       0x00000043       0x44 ./Core/Src/main.o
 .comment       0x00000043       0x44 ./Core/Src/software_timer.o
 .comment       0x00000043       0x44 ./Core/Src/stm32f1xx_hal_msp.o
 .comment       0x00000043       0x44 ./Core/Src/stm32f1xx_it.o
 .comment       0x00000043       0x44 ./Core/Src/system_stm32f1xx.o
 .comment       0x00000043       0x44 ./Drivers/STM32F1xx_HAL_Driver/Src/stm32f1xx_hal.o
 .comment       0x00000043       0x44 ./Drivers/STM32F1xx_HAL_Driver/Src/stm32f1xx_hal_cortex.o
 .comment       0x00000043       0x44 ./Drivers/STM32F1xx_HAL_Driver/Src/stm32f1xx_hal_gpio.o
 .comment       0x00000043       0x44 ./Drivers/STM32F1xx_HAL_Driver/Src/stm32f1xx_hal_rcc.o
 .comment       0x00000043       0x44 ./Drivers/STM32F1xx_HAL_Driver/Src/stm32f1xx_hal_tim.o
 .comment       0x00000043       0x44 ./Drivers/STM32F1xx_HAL_Driver/Src/stm32f1xx_hal_tim_ex.o

.debug_frame    0x00000000     0x2a20
 .debug_frame   0x00000000       0x34 ./Core/Src/fsm_traffic.o
 .debug_frame   0x00000034       0x78 ./Core/Src/input_processing.o
 .debug_frame   0x000000ac       0x84 ./Core/Src/input_reading.o
 .debug_frame   0x00000130      0x164 ./Core/Src/leds_display.o
 .debug_frame   0x00000294       0xb0 ./Core/Src/main.o
 .debug_frame   0x00000344      0x11c ./Core/Src/software_timer.o
 .debug_frame   0x00000460       0x80 ./Core/Src/stm32f1xx_hal_msp.o
 .debug_frame   0x000004e0      0x120 ./Core/Src/stm32f1xx_it.o
 .debug_frame   0x00000600       0x58 ./Core/Src/system_stm32f1xx.o
 .debug_frame   0x00000658      0x334 ./Drivers/STM32F1xx_HAL_Driver/Src/stm32f1xx_hal.o
 .debug_frame   0x0000098c      0x428 ./Drivers/STM32F1xx_HAL_Driver/Src/stm32f1xx_hal_cortex.o
 .debug_frame   0x00000db4      0x14c ./Drivers/STM32F1xx_HAL_Driver/Src/stm32f1xx_hal_gpio.o
 .debug_frame   0x00000f00      0x218 ./Drivers/STM32F1xx_HAL_Driver/Src/stm32f1xx_hal_rcc.o
 .debug_frame   0x00001118     0x11b4 ./Drivers/STM32F1xx_HAL_Driver/Src/stm32f1xx_hal_tim.o
 .debug_frame   0x000022cc      0x638 ./Drivers/STM32F1xx_HAL_Driver/Src/stm32f1xx_hal_tim_ex.o
 .debug_frame   0x00002904       0x20 C:/ST/STM32CubeIDE_1.19.0/STM32CubeIDE/plugins/com.st.stm32cube.ide.mcu.externaltools.gnu-tools-for-stm32.13.3.rel1.win32_1.0.0.202411081344/tools/bin/../lib/gcc/arm-none-eabi/13.3.1/../../../../arm-none-eabi/lib/thumb/v7-m/nofp\libc_nano.a(libc_a-memset.o)
 .debug_frame   0x00002924       0x2c C:/ST/STM32CubeIDE_1.19.0/STM32CubeIDE/plugins/com.st.stm32cube.ide.mcu.externaltools.gnu-tools-for-stm32.13.3.rel1.win32_1.0.0.202411081344/tools/bin/../lib/gcc/arm-none-eabi/13.3.1/../../../../arm-none-eabi/lib/thumb/v7-m/nofp\libc_nano.a(libc_a-init.o)
 .debug_frame   0x00002950       0xac C:/ST/STM32CubeIDE_1.19.0/STM32CubeIDE/plugins/com.st.stm32cube.ide.mcu.externaltools.gnu-tools-for-stm32.13.3.rel1.win32_1.0.0.202411081344/tools/bin/../lib/gcc/arm-none-eabi/13.3.1/thumb/v7-m/nofp\libgcc.a(_arm_addsubdf3.o)
 .debug_frame   0x000029fc       0x24 C:/ST/STM32CubeIDE_1.19.0/STM32CubeIDE/plugins/com.st.stm32cube.ide.mcu.externaltools.gnu-tools-for-stm32.13.3.rel1.win32_1.0.0.202411081344/tools/bin/../lib/gcc/arm-none-eabi/13.3.1/thumb/v7-m/nofp\libgcc.a(_arm_fixdfsi.o)

.debug_line_str
                0x00000000       0x56
 .debug_line_str
                0x00000000       0x56 ./Core/Startup/startup_stm32f103c6ux.o
