../Core/Src/main.c:94:6:display7SEG	24	static
../Core/Src/main.c:104:6:update7SEG	24	static
../Core/Src/main.c:137:6:updateClockBuffer	4	static
../Core/Src/main.c:145:6:setTimer0	16	static
../Core/Src/main.c:150:6:timer_run	4	static
../Core/Src/main.c:166:5:main	8	static
../Core/Src/main.c:238:6:SystemClock_Config	72	static
../Core/Src/main.c:275:13:MX_TIM2_Init	32	static
../Core/Src/main.c:320:13:MX_GPIO_Init	32	static
../Core/Src/main.c:364:6:HAL_TIM_PeriodElapsedCallback	16	static
../Core/Src/main.c:395:6:Error_Handler	4	static,ignoring_inline_asm
