../Core/Src/main.c:94:6:display7SEG	24	static
../Core/Src/main.c:104:6:update7SEG	16	static
../Core/Src/main.c:131:6:updateClockBuffer	4	static
../Core/Src/main.c:156:6:setTimer0	16	static
../Core/Src/main.c:161:6:timer_run	4	static
../Core/Src/main.c:177:5:main	8	static
../Core/Src/main.c:249:6:SystemClock_Config	72	static
../Core/Src/main.c:286:13:MX_TIM2_Init	32	static
../Core/Src/main.c:331:13:MX_GPIO_Init	32	static
../Core/Src/main.c:375:6:HAL_TIM_PeriodElapsedCallback	24	static
../Core/Src/main.c:404:6:Error_Handler	4	static,ignoring_inline_asm
