../Core/Src/main.c:108:6:SCH_Init	16	static
../Core/Src/main.c:122:6:SCH_Update	16	static
../Core/Src/main.c:150:15:SCH_Add_Task	32	static
../Core/Src/main.c:174:6:SCH_Dispatch_Tasks	16	static
../Core/Src/main.c:194:15:SCH_Delete_Task	24	static
../Core/Src/main.c:217:6:SCH_Go_To_Sleep	4	static
../Core/Src/main.c:221:6:SCH_Report_Status	4	static
../Core/Src/main.c:246:6:Timer_init	8	static
../Core/Src/main.c:278:10:get_time	8	static
../Core/Src/main.c:285:6:ledDisplay	16	static
../Core/Src/main.c:290:6:ledDisplay_0	8	static
../Core/Src/main.c:291:6:ledDisplay_1	8	static
../Core/Src/main.c:292:6:ledDisplay_2	8	static
../Core/Src/main.c:293:6:ledDisplay_3	8	static
../Core/Src/main.c:294:6:ledDisplay_4	8	static
../Core/Src/main.c:301:5:main	8	static
../Core/Src/main.c:363:6:SystemClock_Config	72	static
../Core/Src/main.c:400:13:MX_TIM2_Init	32	static
../Core/Src/main.c:445:13:MX_USART1_UART_Init	8	static
../Core/Src/main.c:478:13:MX_GPIO_Init	32	static
../Core/Src/main.c:507:6:HAL_TIM_PeriodElapsedCallback	72	static
../Core/Src/main.c:524:6:Error_Handler	4	static,ignoring_inline_asm
