../Core/Src/main.c:73:6:turnOffLEDs	16	static
../Core/Src/main.c:79:6:System_Initialization	8	static
../Core/Src/main.c:89:5:main	8	static
../Core/Src/main.c:164:6:SystemClock_Config	72	static
../Core/Src/main.c:202:13:MX_IWDG_Init	8	static
../Core/Src/main.c:230:13:MX_TIM2_Init	32	static
../Core/Src/main.c:275:13:MX_USART1_UART_Init	8	static
../Core/Src/main.c:308:13:MX_GPIO_Init	32	static
../Core/Src/main.c:337:6:HAL_TIM_PeriodElapsedCallback	16	static
../Core/Src/main.c:354:6:Error_Handler	4	static,ignoring_inline_asm
