../Core/Src/scheduler.c:15:6:SCH_Init	8	static
../Core/Src/scheduler.c:31:15:SCH_Add_Task	128	static
../Core/Src/scheduler.c:73:6:SCH_Update	16	static
../Core/Src/scheduler.c:101:6:SCH_Dispatch_Tasks	72	static
../Core/Src/scheduler.c:128:15:SCH_Delete_Task	24	static
../Core/Src/scheduler.c:151:6:SCH_Go_To_Sleep	4	static
../Core/Src/scheduler.c:155:6:SCH_Report_Status	4	static
../Core/Src/scheduler.c:180:6:Timer_init	8	static
../Core/Src/scheduler.c:184:6:Watchdog_init	8	static
../Core/Src/scheduler.c:189:6:Watchdog_Counting	4	static
../Core/Src/scheduler.c:193:6:Watchdog_Refresh	8	static
../Core/Src/scheduler.c:197:15:Is_Watchdog_Reset	4	static
../Core/Src/scheduler.c:204:6:Reset_Watchdog_Counting	4	static
../Core/Src/scheduler.c:208:6:Watchdog_Task	8	static
../Core/Src/scheduler.c:212:6:deleteAllTasks	16	static
