../Core/Src/scheduler.c:15:6:SCH_Init	8	static
../Core/Src/scheduler.c:31:15:SCH_Add_Task	32	static
../Core/Src/scheduler.c:55:6:SCH_Update	16	static
../Core/Src/scheduler.c:83:6:SCH_Dispatch_Tasks	72	static
../Core/Src/scheduler.c:110:15:SCH_Delete_Task	24	static
../Core/Src/scheduler.c:133:6:SCH_Go_To_Sleep	4	static
../Core/Src/scheduler.c:137:6:SCH_Report_Status	4	static
../Core/Src/scheduler.c:162:6:Timer_init	8	static
../Core/Src/scheduler.c:166:6:Watchdog_init	8	static
../Core/Src/scheduler.c:171:6:Watchdog_Counting	4	static
../Core/Src/scheduler.c:175:6:Watchdog_Refresh	8	static
../Core/Src/scheduler.c:179:15:Is_Watchdog_Reset	4	static
../Core/Src/scheduler.c:186:6:Reset_Watchdog_Counting	4	static
../Core/Src/scheduler.c:190:6:Watchdog_Task	8	static
../Core/Src/scheduler.c:194:6:deleteAllTasks	16	static
